Archive member included to satisfy reference by file (symbol)

/opt/st/stm32cubeide_1.16.1/plugins/com.st.stm32cube.ide.mcu.externaltools.gnu-tools-for-stm32.12.3.rel1.linux64_1.0.200.202406132123/tools/bin/../lib/gcc/arm-none-eabi/12.3.1/../../../../arm-none-eabi/lib/thumb/v7e-m+fp/hard/libc_nano.a(libc_a-exit.o)
                              /opt/st/stm32cubeide_1.16.1/plugins/com.st.stm32cube.ide.mcu.externaltools.gnu-tools-for-stm32.12.3.rel1.linux64_1.0.200.202406132123/tools/bin/../lib/gcc/arm-none-eabi/12.3.1/../../../../arm-none-eabi/lib/thumb/v7e-m+fp/hard/crt0.o (exit)
/opt/st/stm32cubeide_1.16.1/plugins/com.st.stm32cube.ide.mcu.externaltools.gnu-tools-for-stm32.12.3.rel1.linux64_1.0.200.202406132123/tools/bin/../lib/gcc/arm-none-eabi/12.3.1/../../../../arm-none-eabi/lib/thumb/v7e-m+fp/hard/libc_nano.a(libc_a-findfp.o)
                              ./Middlewares/Third_Party/FreeRTOS/Source/tasks.o (__sf)
/opt/st/stm32cubeide_1.16.1/plugins/com.st.stm32cube.ide.mcu.externaltools.gnu-tools-for-stm32.12.3.rel1.linux64_1.0.200.202406132123/tools/bin/../lib/gcc/arm-none-eabi/12.3.1/../../../../arm-none-eabi/lib/thumb/v7e-m+fp/hard/libc_nano.a(libc_a-fwalk.o)
                              /opt/st/stm32cubeide_1.16.1/plugins/com.st.stm32cube.ide.mcu.externaltools.gnu-tools-for-stm32.12.3.rel1.linux64_1.0.200.202406132123/tools/bin/../lib/gcc/arm-none-eabi/12.3.1/../../../../arm-none-eabi/lib/thumb/v7e-m+fp/hard/libc_nano.a(libc_a-findfp.o) (_fwalk_sglue)
/opt/st/stm32cubeide_1.16.1/plugins/com.st.stm32cube.ide.mcu.externaltools.gnu-tools-for-stm32.12.3.rel1.linux64_1.0.200.202406132123/tools/bin/../lib/gcc/arm-none-eabi/12.3.1/../../../../arm-none-eabi/lib/thumb/v7e-m+fp/hard/libc_nano.a(libc_a-stdio.o)
                              /opt/st/stm32cubeide_1.16.1/plugins/com.st.stm32cube.ide.mcu.externaltools.gnu-tools-for-stm32.12.3.rel1.linux64_1.0.200.202406132123/tools/bin/../lib/gcc/arm-none-eabi/12.3.1/../../../../arm-none-eabi/lib/thumb/v7e-m+fp/hard/libc_nano.a(libc_a-findfp.o) (__sread)
/opt/st/stm32cubeide_1.16.1/plugins/com.st.stm32cube.ide.mcu.externaltools.gnu-tools-for-stm32.12.3.rel1.linux64_1.0.200.202406132123/tools/bin/../lib/gcc/arm-none-eabi/12.3.1/../../../../arm-none-eabi/lib/thumb/v7e-m+fp/hard/libc_nano.a(libc_a-memset.o)
                              /opt/st/stm32cubeide_1.16.1/plugins/com.st.stm32cube.ide.mcu.externaltools.gnu-tools-for-stm32.12.3.rel1.linux64_1.0.200.202406132123/tools/bin/../lib/gcc/arm-none-eabi/12.3.1/../../../../arm-none-eabi/lib/thumb/v7e-m+fp/hard/crt0.o (memset)
/opt/st/stm32cubeide_1.16.1/plugins/com.st.stm32cube.ide.mcu.externaltools.gnu-tools-for-stm32.12.3.rel1.linux64_1.0.200.202406132123/tools/bin/../lib/gcc/arm-none-eabi/12.3.1/../../../../arm-none-eabi/lib/thumb/v7e-m+fp/hard/libc_nano.a(libc_a-closer.o)
                              /opt/st/stm32cubeide_1.16.1/plugins/com.st.stm32cube.ide.mcu.externaltools.gnu-tools-for-stm32.12.3.rel1.linux64_1.0.200.202406132123/tools/bin/../lib/gcc/arm-none-eabi/12.3.1/../../../../arm-none-eabi/lib/thumb/v7e-m+fp/hard/libc_nano.a(libc_a-stdio.o) (_close_r)
/opt/st/stm32cubeide_1.16.1/plugins/com.st.stm32cube.ide.mcu.externaltools.gnu-tools-for-stm32.12.3.rel1.linux64_1.0.200.202406132123/tools/bin/../lib/gcc/arm-none-eabi/12.3.1/../../../../arm-none-eabi/lib/thumb/v7e-m+fp/hard/libc_nano.a(libc_a-reent.o)
                              ./Middlewares/Third_Party/FreeRTOS/Source/tasks.o (_reclaim_reent)
/opt/st/stm32cubeide_1.16.1/plugins/com.st.stm32cube.ide.mcu.externaltools.gnu-tools-for-stm32.12.3.rel1.linux64_1.0.200.202406132123/tools/bin/../lib/gcc/arm-none-eabi/12.3.1/../../../../arm-none-eabi/lib/thumb/v7e-m+fp/hard/libc_nano.a(libc_a-impure.o)
                              ./Middlewares/Third_Party/FreeRTOS/Source/tasks.o (_impure_ptr)
/opt/st/stm32cubeide_1.16.1/plugins/com.st.stm32cube.ide.mcu.externaltools.gnu-tools-for-stm32.12.3.rel1.linux64_1.0.200.202406132123/tools/bin/../lib/gcc/arm-none-eabi/12.3.1/../../../../arm-none-eabi/lib/thumb/v7e-m+fp/hard/libc_nano.a(libc_a-lseekr.o)
                              /opt/st/stm32cubeide_1.16.1/plugins/com.st.stm32cube.ide.mcu.externaltools.gnu-tools-for-stm32.12.3.rel1.linux64_1.0.200.202406132123/tools/bin/../lib/gcc/arm-none-eabi/12.3.1/../../../../arm-none-eabi/lib/thumb/v7e-m+fp/hard/libc_nano.a(libc_a-stdio.o) (_lseek_r)
/opt/st/stm32cubeide_1.16.1/plugins/com.st.stm32cube.ide.mcu.externaltools.gnu-tools-for-stm32.12.3.rel1.linux64_1.0.200.202406132123/tools/bin/../lib/gcc/arm-none-eabi/12.3.1/../../../../arm-none-eabi/lib/thumb/v7e-m+fp/hard/libc_nano.a(libc_a-readr.o)
                              /opt/st/stm32cubeide_1.16.1/plugins/com.st.stm32cube.ide.mcu.externaltools.gnu-tools-for-stm32.12.3.rel1.linux64_1.0.200.202406132123/tools/bin/../lib/gcc/arm-none-eabi/12.3.1/../../../../arm-none-eabi/lib/thumb/v7e-m+fp/hard/libc_nano.a(libc_a-stdio.o) (_read_r)
[...]
Memory Configuration

Name             Origin             Length             Attributes
RAM              0x20000000         0x00010000         xrw
FLASH            0x08000000         0x00040000         xr
*default*        0x00000000         0xffffffff

Linker script and memory map

LOAD /opt/st/stm32cubeide_1.16.1/plugins/com.st.stm32cube.ide.mcu.externaltools.gnu-tools-for-stm32.12.3.rel1.linux64_1.0.200.202406132123/tools/bin/../lib/gcc/arm-none-eabi/12.3.1/thumb/v7e-m+fp/hard/crti.o
LOAD /opt/st/stm32cubeide_1.16.1/plugins/com.st.stm32cube.ide.mcu.externaltools.gnu-tools-for-stm32.12.3.rel1.linux64_1.0.200.202406132123/tools/bin/../lib/gcc/arm-none-eabi/12.3.1/thumb/v7e-m+fp/hard/crtbegin.o
LOAD /opt/st/stm32cubeide_1.16.1/plugins/com.st.stm32cube.ide.mcu.externaltools.gnu-tools-for-stm32.12.3.rel1.linux64_1.0.200.202406132123/tools/bin/../lib/gcc/arm-none-eabi/12.3.1/../../../../arm-none-eabi/lib/thumb/v7e-m+fp/hard/crt0.o
LOAD ./Core/Src/freertos.o
LOAD ./Core/Src/i2c_dev.o
LOAD ./Core/Src/main.o
LOAD ./Core/Src/mech.o
LOAD ./Core/Src/stm32f4xx_hal_msp.o
LOAD ./Core/Src/stm32f4xx_hal_timebase_tim.o
LOAD ./Core/Src/stm32f4xx_it.o
LOAD ./Core/Src/syscalls.o
LOAD ./Core/Src/sysmem.o
LOAD ./Core/Src/system_stm32f4xx.o
LOAD ./Core/Startup/startup_stm32f401ccux.o
LOAD ./Drivers/STM32F4xx_HAL_Driver/Src/stm32f4xx_hal.o
LOAD ./Drivers/STM32F4xx_HAL_Driver/Src/stm32f4xx_hal_adc.o
LOAD ./Drivers/STM32F4xx_HAL_Driver/Src/stm32f4xx_hal_adc_ex.o
LOAD ./Drivers/STM32F4xx_HAL_Driver/Src/stm32f4xx_hal_cortex.o
LOAD ./Drivers/STM32F4xx_HAL_Driver/Src/stm32f4xx_hal_dma.o
LOAD ./Drivers/STM32F4xx_HAL_Driver/Src/stm32f4xx_hal_dma_ex.o
LOAD ./Drivers/STM32F4xx_HAL_Driver/Src/stm32f4xx_hal_exti.o
LOAD ./Drivers/STM32F4xx_HAL_Driver/Src/stm32f4xx_hal_flash.o
LOAD ./Drivers/STM32F4xx_HAL_Driver/Src/stm32f4xx_hal_flash_ex.o
LOAD ./Drivers/STM32F4xx_HAL_Driver/Src/stm32f4xx_hal_flash_ramfunc.o
LOAD ./Drivers/STM32F4xx_HAL_Driver/Src/stm32f4xx_hal_gpio.o
LOAD ./Drivers/STM32F4xx_HAL_Driver/Src/stm32f4xx_hal_i2c.o
LOAD ./Drivers/STM32F4xx_HAL_Driver/Src/stm32f4xx_hal_i2c_ex.o
LOAD ./Drivers/STM32F4xx_HAL_Driver/Src/stm32f4xx_hal_pcd.o
LOAD ./Drivers/STM32F4xx_HAL_Driver/Src/stm32f4xx_hal_pcd_ex.o
LOAD ./Drivers/STM32F4xx_HAL_Driver/Src/stm32f4xx_hal_pwr.o
LOAD ./Drivers/STM32F4xx_HAL_Driver/Src/stm32f4xx_hal_pwr_ex.o
LOAD ./Drivers/STM32F4xx_HAL_Driver/Src/stm32f4xx_hal_rcc.o
LOAD ./Drivers/STM32F4xx_HAL_Driver/Src/stm32f4xx_hal_rcc_ex.o
LOAD ./Drivers/STM32F4xx_HAL_Driver/Src/stm32f4xx_hal_tim.o
LOAD ./Drivers/STM32F4xx_HAL_Driver/Src/stm32f4xx_hal_tim_ex.o
LOAD ./Drivers/STM32F4xx_HAL_Driver/Src/stm32f4xx_ll_adc.o
LOAD ./Drivers/STM32F4xx_HAL_Driver/Src/stm32f4xx_ll_usb.o
LOAD ./Middlewares/ST/STM32_USB_Device_Library/Class/CDC/Src/usbd_cdc.o
LOAD ./Middlewares/ST/STM32_USB_Device_Library/Core/Src/usbd_core.o
LOAD ./Middlewares/ST/STM32_USB_Device_Library/Core/Src/usbd_ctlreq.o
LOAD ./Middlewares/ST/STM32_USB_Device_Library/Core/Src/usbd_ioreq.o
LOAD ./Middlewares/Third_Party/FreeRTOS/Source/CMSIS_RTOS_V2/cmsis_os2.o
LOAD ./Middlewares/Third_Party/FreeRTOS/Source/croutine.o
LOAD ./Middlewares/Third_Party/FreeRTOS/Source/event_groups.o
LOAD ./Middlewares/Third_Party/FreeRTOS/Source/list.o
LOAD ./Middlewares/Third_Party/FreeRTOS/Source/queue.o
LOAD ./Middlewares/Third_Party/FreeRTOS/Source/stream_buffer.o
LOAD ./Middlewares/Third_Party/FreeRTOS/Source/tasks.o
LOAD ./Middlewares/Third_Party/FreeRTOS/Source/timers.o
LOAD ./Middlewares/Third_Party/FreeRTOS/Source/portable/GCC/ARM_CM4F/port.o
LOAD ./Middlewares/Third_Party/FreeRTOS/Source/portable/MemMang/heap_4.o
LOAD ./USB_DEVICE/App/usb_device.o
LOAD ./USB_DEVICE/App/usbd_cdc_if.o
LOAD ./USB_DEVICE/App/usbd_desc.o
LOAD ./USB_DEVICE/Target/usbd_conf.o
START GROUP
LOAD /opt/st/stm32cubeide_1.16.1/plugins/com.st.stm32cube.ide.mcu.externaltools.gnu-tools-for-stm32.12.3.rel1.linux64_1.0.200.202406132123/tools/bin/../lib/gcc/arm-none-eabi/12.3.1/../../../../arm-none-eabi/lib/thumb/v7e-m+fp/hard/libc_nano.a
LOAD /opt/st/stm32cubeide_1.16.1/plugins/com.st.stm32cube.ide.mcu.externaltools.gnu-tools-for-stm32.12.3.rel1.linux64_1.0.200.202406132123/tools/bin/../lib/gcc/arm-none-eabi/12.3.1/../../../../arm-none-eabi/lib/thumb/v7e-m+fp/hard/libm.a
END GROUP
START GROUP
LOAD /opt/st/stm32cubeide_1.16.1/plugins/com.st.stm32cube.ide.mcu.externaltools.gnu-tools-for-stm32.12.3.rel1.linux64_1.0.200.202406132123/tools/bin/../lib/gcc/arm-none-eabi/12.3.1/thumb/v7e-m+fp/hard/libgcc.a
LOAD /opt/st/stm32cubeide_1.16.1/plugins/com.st.stm32cube.ide.mcu.externaltools.gnu-tools-for-stm32.12.3.rel1.linux64_1.0.200.202406132123/tools/bin/../lib/gcc/arm-none-eabi/12.3.1/../../../../arm-none-eabi/lib/thumb/v7e-m+fp/hard/libc_nano.a
END GROUP
START GROUP
LOAD /opt/st/stm32cubeide_1.16.1/plugins/com.st.stm32cube.ide.mcu.externaltools.gnu-tools-for-stm32.12.3.rel1.linux64_1.0.200.202406132123/tools/bin/../lib/gcc/arm-none-eabi/12.3.1/thumb/v7e-m+fp/hard/libgcc.a
LOAD /opt/st/stm32cubeide_1.16.1/plugins/com.st.stm32cube.ide.mcu.externaltools.gnu-tools-for-stm32.12.3.rel1.linux64_1.0.200.202406132123/tools/bin/../lib/gcc/arm-none-eabi/12.3.1/../../../../arm-none-eabi/lib/thumb/v7e-m+fp/hard/libc_nano.a
LOAD /opt/st/stm32cubeide_1.16.1/plugins/com.st.stm32cube.ide.mcu.externaltools.gnu-tools-for-stm32.12.3.rel1.linux64_1.0.200.202406132123/tools/bin/../lib/gcc/arm-none-eabi/12.3.1/../../../../arm-none-eabi/lib/thumb/v7e-m+fp/hard/libnosys.a
END GROUP
START GROUP
LOAD /opt/st/stm32cubeide_1.16.1/plugins/com.st.stm32cube.ide.mcu.externaltools.gnu-tools-for-stm32.12.3.rel1.linux64_1.0.200.202406132123/tools/bin/../lib/gcc/arm-none-eabi/12.3.1/thumb/v7e-m+fp/hard/libgcc.a
LOAD /opt/st/stm32cubeide_1.16.1/plugins/com.st.stm32cube.ide.mcu.externaltools.gnu-tools-for-stm32.12.3.rel1.linux64_1.0.200.202406132123/tools/bin/../lib/gcc/arm-none-eabi/12.3.1/../../../../arm-none-eabi/lib/thumb/v7e-m+fp/hard/libc_nano.a
LOAD /opt/st/stm32cubeide_1.16.1/plugins/com.st.stm32cube.ide.mcu.externaltools.gnu-tools-for-stm32.12.3.rel1.linux64_1.0.200.202406132123/tools/bin/../lib/gcc/arm-none-eabi/12.3.1/../../../../arm-none-eabi/lib/thumb/v7e-m+fp/hard/libnosys.a
END GROUP
LOAD /opt/st/stm32cubeide_1.16.1/plugins/com.st.stm32cube.ide.mcu.externaltools.gnu-tools-for-stm32.12.3.rel1.linux64_1.0.200.202406132123/tools/bin/../lib/gcc/arm-none-eabi/12.3.1/thumb/v7e-m+fp/hard/crtend.o
LOAD /opt/st/stm32cubeide_1.16.1/plugins/com.st.stm32cube.ide.mcu.externaltools.gnu-tools-for-stm32.12.3.rel1.linux64_1.0.200.202406132123/tools/bin/../lib/gcc/arm-none-eabi/12.3.1/thumb/v7e-m+fp/hard/crtn.o
                0x20010000                        _estack = (ORIGIN (RAM) + LENGTH (RAM))
                0x00000200                        _Min_Heap_Size = 0x200
                0x00000400                        _Min_Stack_Size = 0x400

.isr_vector     0x08000000      0x194
                0x08000000                        . = ALIGN (0x4)
 *(.isr_vector)
 .isr_vector    0x08000000      0x194 ./Core/Startup/startup_stm32f401ccux.o
                0x08000000                g_pfnVectors
                0x08000194                        . = ALIGN (0x4)

.text           0x080001a0     0xe344
                0x080001a0                        . = ALIGN (0x4)
 *(.text)
 .text          0x080001a0       0x40 /opt/st/stm32cubeide_1.16.1/plugins/com.st.stm32cube.ide.mcu.externaltools.gnu-tools-for-stm32.12.3.rel1.linux64_1.0.200.202406132123/tools/bin/../lib/gcc/arm-none-eabi/12.3.1/thumb/v7e-m+fp/hard/crtbegin.o
 .text          0x080001e0      0x378 /opt/st/stm32cubeide_1.16.1/plugins/com.st.stm32cube.ide.mcu.externaltools.gnu-tools-for-stm32.12.3.rel1.linux64_1.0.200.202406132123/tools/bin/../lib/gcc/arm-none-eabi/12.3.1/thumb/v7e-m+fp/hard/libgcc.a(_arm_addsubdf3.o)
                0x080001e0                __aeabi_drsub
                0x080001e8                __aeabi_dsub
                0x080001e8                __subdf3
                0x080001ec                __adddf3
                0x080001ec                __aeabi_dadd
                0x08000464                __aeabi_ui2d
                0x08000464                __floatunsidf
                0x08000484                __floatsidf
                0x08000484                __aeabi_i2d
                0x080004a8                __extendsfdf2
                0x080004a8                __aeabi_f2d
                0x080004ec                __aeabi_ul2d
                0x080004ec                __floatundidf
                0x080004fc                __floatdidf
                0x080004fc                __aeabi_l2d
 .text          0x08000558      0x424 /opt/st/stm32cubeide_1.16.1/plugins/com.st.stm32cube.ide.mcu.externaltools.gnu-tools-for-stm32.12.3.rel1.linux64_1.0.200.202406132123/tools/bin/../lib/gcc/arm-none-eabi/12.3.1/thumb/v7e-m+fp/hard/libgcc.a(_arm_muldivdf3.o)
                0x08000558                __aeabi_dmul
                0x08000558                __muldf3
                0x080007ac                __aeabi_ddiv
                0x080007ac                __divdf3
 .text          0x0800097c      0x110 /opt/st/stm32cubeide_1.16.1/plugins/com.st.stm32cube.ide.mcu.externaltools.gnu-tools-for-stm32.12.3.rel1.linux64_1.0.200.202406132123/tools/bin/../lib/gcc/arm-none-eabi/12.3.1/thumb/v7e-m+fp/hard/libgcc.a(_arm_cmpdf2.o)
                0x0800097c                __gtdf2
                0x0800097c                __gedf2
                0x08000984                __ltdf2
                0x08000984                __ledf2
                0x0800098c                __cmpdf2
                0x0800098c                __eqdf2
                0x0800098c                __nedf2
                0x08000a08                __aeabi_cdrcmple
                0x08000a18                __aeabi_cdcmple
                0x08000a18                __aeabi_cdcmpeq
                0x08000a28                __aeabi_dcmpeq
                0x08000a3c                __aeabi_dcmplt
                0x08000a50                __aeabi_dcmple
                0x08000a64                __aeabi_dcmpge
                0x08000a78                __aeabi_dcmpgt
 .text          0x08000a8c       0x2c /opt/st/stm32cubeide_1.16.1/plugins/com.st.stm32cube.ide.mcu.externaltools.gnu-tools-for-stm32.12.3.rel1.linux64_1.0.200.202406132123/tools/bin/../lib/gcc/arm-none-eabi/12.3.1/thumb/v7e-m+fp/hard/libgcc.a(_arm_unorddf2.o)
                0x08000a8c                __aeabi_dcmpun
                0x08000a8c                __unorddf2
 .text          0x08000ab8       0xa0 /opt/st/stm32cubeide_1.16.1/plugins/com.st.stm32cube.ide.mcu.externaltools.gnu-tools-for-stm32.12.3.rel1.linux64_1.0.200.202406132123/tools/bin/../lib/gcc/arm-none-eabi/12.3.1/thumb/v7e-m+fp/hard/libgcc.a(_arm_truncdfsf2.o)
                0x08000ab8                __aeabi_d2f
                0x08000ab8                __truncdfsf2
 .text          0x08000b58       0x30 /opt/st/stm32cubeide_1.16.1/plugins/com.st.stm32cube.ide.mcu.externaltools.gnu-tools-for-stm32.12.3.rel1.linux64_1.0.200.202406132123/tools/bin/../lib/gcc/arm-none-eabi/12.3.1/thumb/v7e-m+fp/hard/libgcc.a(_aeabi_uldivmod.o)
                0x08000b58                __aeabi_uldivmod
 .text          0x08000b88      0x2bc /opt/st/stm32cubeide_1.16.1/plugins/com.st.stm32cube.ide.mcu.externaltools.gnu-tools-for-stm32.12.3.rel1.linux64_1.0.200.202406132123/tools/bin/../lib/gcc/arm-none-eabi/12.3.1/thumb/v7e-m+fp/hard/libgcc.a(_udivmoddi4.o)
                0x08000b88                __udivmoddi4
 .text          0x08000e44        0x4 /opt/st/stm32cubeide_1.16.1/plugins/com.st.stm32cube.ide.mcu.externaltools.gnu-tools-for-stm32.12.3.rel1.linux64_1.0.200.202406132123/tools/bin/../lib/gcc/arm-none-eabi/12.3.1/thumb/v7e-m+fp/hard/libgcc.a(_dvmd_tls.o)
                0x08000e44                __aeabi_ldiv0
                0x08000e44                __aeabi_idiv0
 *(.text*)
 .text.MPU6050_init
                0x08000e48      0x118 ./Core/Src/i2c_dev.o
                0x08000e48                MPU6050_init
 .text.MPU6050_calibrate
                0x08000f60       0xc0 ./Core/Src/i2c_dev.o
                0x08000f60                MPU6050_calibrate
 .text.MPU6050_getGyroValues
                0x08001020       0xec ./Core/Src/i2c_dev.o
                0x08001020                MPU6050_getGyroValues
 *fill*         0x0800110c        0x4 
 .text.MPU6050_getGyroRates
                0x08001110       0xa0 ./Core/Src/i2c_dev.o
                0x08001110                MPU6050_getGyroRates
 .text.MPU6050_getAccelValues
                0x080011b0       0x6c ./Core/Src/i2c_dev.o
                0x080011b0                MPU6050_getAccelValues
 *fill*         0x0800121c        0x4 
 .text.MPU6050_getAccelAngles
                0x08001220      0x1ac ./Core/Src/i2c_dev.o
                0x08001220                MPU6050_getAccelAngles
 .text.MPU6050_getAnglesKalman
                0x080013cc      0x194 ./Core/Src/i2c_dev.o
                0x080013cc                MPU6050_getAnglesKalman
 .text.BMP180_ReadReg
                0x08001560       0x44 ./Core/Src/i2c_dev.o
                0x08001560                BMP180_ReadReg
 .text.BMP180_initCalibrate
                0x080015a4      0x1a4 ./Core/Src/i2c_dev.o
                0x080015a4                BMP180_initCalibrate
 .text.main     0x08001748       0x64 ./Core/Src/main.o
                0x08001748                main
 .text.SystemClock_Config
                0x080017ac       0xd8 ./Core/Src/main.o
                0x080017ac                SystemClock_Config
 .text.MX_ADC1_Init
                0x08001884       0xa4 ./Core/Src/main.o
 .text.MX_I2C1_Init
                0x08001928       0x5c ./Core/Src/main.o
 .text.MX_TIM2_Init
                0x08001984       0xf4 ./Core/Src/main.o
 .text.MX_TIM3_Init
                0x08001a78       0xf4 ./Core/Src/main.o
 .text.MX_GPIO_Init
                0x08001b6c       0xc0 ./Core/Src/main.o
 .text.StartMechTask
                0x08001c2c       0x22 ./Core/Src/main.o
                0x08001c2c                StartMechTask
 *fill*         0x08001c4e        0x2 
 .text.StartSerialTask
                0x08001c50      0x1dc ./Core/Src/main.o
                0x08001c50                StartSerialTask
 .text.HAL_TIM_PeriodElapsedCallback
                0x08001e2c       0x24 ./Core/Src/main.o
                0x08001e2c                HAL_TIM_PeriodElapsedCallback
 .text.Error_Handler
                0x08001e50        0xc ./Core/Src/main.o
                0x08001e50                Error_Handler
 .text.norm_motors
                0x08001e5c       0x64 ./Core/Src/mech.o
                0x08001e5c                norm_motors
 .text.calculatePID_xy
                0x08001ec0      0x164 ./Core/Src/mech.o
                0x08001ec0                calculatePID_xy
 .text.HAL_MspInit
                0x08002024       0x58 ./Core/Src/stm32f4xx_hal_msp.o
                0x08002024                HAL_MspInit
 .text.HAL_ADC_MspInit
                0x0800207c       0x88 ./Core/Src/stm32f4xx_hal_msp.o
                0x0800207c                HAL_ADC_MspInit
 .text.HAL_I2C_MspInit
                0x08002104       0x90 ./Core/Src/stm32f4xx_hal_msp.o
                0x08002104                HAL_I2C_MspInit
 .text.HAL_TIM_PWM_MspInit
                0x08002194       0x6c ./Core/Src/stm32f4xx_hal_msp.o
                0x08002194                HAL_TIM_PWM_MspInit
 .text.HAL_TIM_MspPostInit
                0x08002200       0xfc ./Core/Src/stm32f4xx_hal_msp.o
                0x08002200                HAL_TIM_MspPostInit
 .text.HAL_InitTick
                0x080022fc       0xe4 ./Core/Src/stm32f4xx_hal_timebase_tim.o
                0x080022fc                HAL_InitTick
 .text.NMI_Handler
                0x080023e0        0x8 ./Core/Src/stm32f4xx_it.o
                0x080023e0                NMI_Handler
 .text.HardFault_Handler
                0x080023e8        0x8 ./Core/Src/stm32f4xx_it.o
                0x080023e8                HardFault_Handler
 .text.MemManage_Handler
                0x080023f0        0x8 ./Core/Src/stm32f4xx_it.o
                0x080023f0                MemManage_Handler
 .text.BusFault_Handler
                0x080023f8        0x8 ./Core/Src/stm32f4xx_it.o
                0x080023f8                BusFault_Handler
 .text.UsageFault_Handler
                0x08002400        0x8 ./Core/Src/stm32f4xx_it.o
                0x08002400                UsageFault_Handler
 .text.DebugMon_Handler
                0x08002408        0xe ./Core/Src/stm32f4xx_it.o
                0x08002408                DebugMon_Handler
 *fill*         0x08002416        0x2 
 .text.TIM1_UP_TIM10_IRQHandler
                0x08002418       0x14 ./Core/Src/stm32f4xx_it.o
                0x08002418                TIM1_UP_TIM10_IRQHandler
 .text.OTG_FS_IRQHandler
                0x0800242c       0x14 ./Core/Src/stm32f4xx_it.o
                0x0800242c                OTG_FS_IRQHandler
 .text.SystemInit
                0x08002440       0x24 ./Core/Src/system_stm32f4xx.o
                0x08002440                SystemInit
 .text.Reset_Handler
                0x08002464       0x50 ./Core/Startup/startup_stm32f401ccux.o
                0x08002464                Reset_Handler
 .text.Default_Handler
                0x080024b4        0x2 ./Core/Startup/startup_stm32f401ccux.o
                0x080024b4                RTC_Alarm_IRQHandler
                0x080024b4                EXTI2_IRQHandler
                0x080024b4                SPI4_IRQHandler
                0x080024b4                TIM1_CC_IRQHandler
                0x080024b4                DMA2_Stream5_IRQHandler
                0x080024b4                DMA1_Stream5_IRQHandler
                0x080024b4                PVD_IRQHandler
                0x080024b4                SDIO_IRQHandler
                0x080024b4                TAMP_STAMP_IRQHandler
                0x080024b4                EXTI3_IRQHandler
                0x080024b4                I2C3_ER_IRQHandler
                0x080024b4                EXTI0_IRQHandler
                0x080024b4                I2C2_EV_IRQHandler
                0x080024b4                DMA1_Stream2_IRQHandler
                0x080024b4                FPU_IRQHandler
                0x080024b4                DMA2_Stream2_IRQHandler
                0x080024b4                SPI1_IRQHandler
                0x080024b4                TIM1_BRK_TIM9_IRQHandler
                0x080024b4                DMA2_Stream3_IRQHandler
                0x080024b4                USART6_IRQHandler
                0x080024b4                DMA2_Stream0_IRQHandler
                0x080024b4                TIM4_IRQHandler
                0x080024b4                I2C1_EV_IRQHandler
                0x080024b4                DMA1_Stream6_IRQHandler
                0x080024b4                DMA1_Stream1_IRQHandler
                0x080024b4                TIM3_IRQHandler
                0x080024b4                RCC_IRQHandler
                0x080024b4                Default_Handler
                0x080024b4                EXTI15_10_IRQHandler
                0x080024b4                ADC_IRQHandler
                0x080024b4                DMA1_Stream7_IRQHandler
                0x080024b4                TIM5_IRQHandler
                0x080024b4                DMA2_Stream7_IRQHandler
                0x080024b4                I2C3_EV_IRQHandler
                0x080024b4                EXTI9_5_IRQHandler
                0x080024b4                RTC_WKUP_IRQHandler
                0x080024b4                SPI2_IRQHandler
                0x080024b4                DMA1_Stream0_IRQHandler
                0x080024b4                EXTI4_IRQHandler
                0x080024b4                WWDG_IRQHandler
                0x080024b4                TIM2_IRQHandler
                0x080024b4                OTG_FS_WKUP_IRQHandler
                0x080024b4                TIM1_TRG_COM_TIM11_IRQHandler
                0x080024b4                EXTI1_IRQHandler
                0x080024b4                USART2_IRQHandler
                0x080024b4                I2C2_ER_IRQHandler
                0x080024b4                DMA2_Stream1_IRQHandler
                0x080024b4                FLASH_IRQHandler
                0x080024b4                DMA2_Stream4_IRQHandler
                0x080024b4                USART1_IRQHandler
                0x080024b4                SPI3_IRQHandler
                0x080024b4                DMA1_Stream4_IRQHandler
                0x080024b4                I2C1_ER_IRQHandler
                0x080024b4                DMA2_Stream6_IRQHandler
                0x080024b4                DMA1_Stream3_IRQHandler
 *fill*         0x080024b6        0x2 
 .text.HAL_Init
                0x080024b8       0x44 ./Drivers/STM32F4xx_HAL_Driver/Src/stm32f4xx_hal.o
                0x080024b8                HAL_Init
 .text.HAL_IncTick
                0x080024fc       0x28 ./Drivers/STM32F4xx_HAL_Driver/Src/stm32f4xx_hal.o
                0x080024fc                HAL_IncTick
 .text.HAL_GetTick
                0x08002524       0x18 ./Drivers/STM32F4xx_HAL_Driver/Src/stm32f4xx_hal.o
                0x08002524                HAL_GetTick
 .text.HAL_Delay
                0x0800253c       0x48 ./Drivers/STM32F4xx_HAL_Driver/Src/stm32f4xx_hal.o
                0x0800253c                HAL_Delay
 .text.HAL_ADC_Init
                0x08002584       0x86 ./Drivers/STM32F4xx_HAL_Driver/Src/stm32f4xx_hal_adc.o
                0x08002584                HAL_ADC_Init
 *fill*         0x0800260a        0x2 
 .text.HAL_ADC_ConfigChannel
                0x0800260c      0x244 ./Drivers/STM32F4xx_HAL_Driver/Src/stm32f4xx_hal_adc.o
                0x0800260c                HAL_ADC_ConfigChannel
 .text.ADC_Init
                0x08002850      0x1f8 ./Drivers/STM32F4xx_HAL_Driver/Src/stm32f4xx_hal_adc.o
 .text.__NVIC_SetPriorityGrouping
                0x08002a48       0x48 ./Drivers/STM32F4xx_HAL_Driver/Src/stm32f4xx_hal_cortex.o
 .text.__NVIC_GetPriorityGrouping
                0x08002a90       0x1c ./Drivers/STM32F4xx_HAL_Driver/Src/stm32f4xx_hal_cortex.o
 .text.__NVIC_EnableIRQ
                0x08002aac       0x3c ./Drivers/STM32F4xx_HAL_Driver/Src/stm32f4xx_hal_cortex.o
 .text.__NVIC_SetPriority
                0x08002ae8       0x54 ./Drivers/STM32F4xx_HAL_Driver/Src/stm32f4xx_hal_cortex.o
 .text.NVIC_EncodePriority
                0x08002b3c       0x66 ./Drivers/STM32F4xx_HAL_Driver/Src/stm32f4xx_hal_cortex.o
 .text.HAL_NVIC_SetPriorityGrouping
                0x08002ba2       0x16 ./Drivers/STM32F4xx_HAL_Driver/Src/stm32f4xx_hal_cortex.o
                0x08002ba2                HAL_NVIC_SetPriorityGrouping
 .text.HAL_NVIC_SetPriority
                0x08002bb8       0x38 ./Drivers/STM32F4xx_HAL_Driver/Src/stm32f4xx_hal_cortex.o
                0x08002bb8                HAL_NVIC_SetPriority
 .text.HAL_NVIC_EnableIRQ
                0x08002bf0       0x1c ./Drivers/STM32F4xx_HAL_Driver/Src/stm32f4xx_hal_cortex.o
                0x08002bf0                HAL_NVIC_EnableIRQ
 .text.HAL_GPIO_Init
                0x08002c0c      0x308 ./Drivers/STM32F4xx_HAL_Driver/Src/stm32f4xx_hal_gpio.o
                0x08002c0c                HAL_GPIO_Init
 .text.HAL_GPIO_WritePin
                0x08002f14       0x32 ./Drivers/STM32F4xx_HAL_Driver/Src/stm32f4xx_hal_gpio.o
                0x08002f14                HAL_GPIO_WritePin
 *fill*         0x08002f46        0x2 
 .text.HAL_I2C_Init
                0x08002f48      0x288 ./Drivers/STM32F4xx_HAL_Driver/Src/stm32f4xx_hal_i2c.o
                0x08002f48                HAL_I2C_Init
 .text.HAL_I2C_Master_Transmit
                0x080031d0      0x1fc ./Drivers/STM32F4xx_HAL_Driver/Src/stm32f4xx_hal_i2c.o
                0x080031d0                HAL_I2C_Master_Transmit
 .text.HAL_I2C_Master_Receive
                0x080033cc      0x464 ./Drivers/STM32F4xx_HAL_Driver/Src/stm32f4xx_hal_i2c.o
                0x080033cc                HAL_I2C_Master_Receive
 .text.HAL_I2C_Mem_Write
                0x08003830      0x1f4 ./Drivers/STM32F4xx_HAL_Driver/Src/stm32f4xx_hal_i2c.o
                0x08003830                HAL_I2C_Mem_Write
 .text.HAL_I2C_Mem_Read
                0x08003a24      0x464 ./Drivers/STM32F4xx_HAL_Driver/Src/stm32f4xx_hal_i2c.o
                0x08003a24                HAL_I2C_Mem_Read
 .text.I2C_MasterRequestWrite
                0x08003e88      0x104 ./Drivers/STM32F4xx_HAL_Driver/Src/stm32f4xx_hal_i2c.o
 .text.I2C_MasterRequestRead
                0x08003f8c      0x19c ./Drivers/STM32F4xx_HAL_Driver/Src/stm32f4xx_hal_i2c.o
 .text.I2C_RequestMemoryWrite
                0x08004128      0x12c ./Drivers/STM32F4xx_HAL_Driver/Src/stm32f4xx_hal_i2c.o
 .text.I2C_RequestMemoryRead
                0x08004254      0x1d0 ./Drivers/STM32F4xx_HAL_Driver/Src/stm32f4xx_hal_i2c.o
 .text.I2C_WaitOnFlagUntilTimeout
                0x08004424       0xf4 ./Drivers/STM32F4xx_HAL_Driver/Src/stm32f4xx_hal_i2c.o
 .text.I2C_WaitOnMasterAddressFlagUntilTimeout
                0x08004518      0x140 ./Drivers/STM32F4xx_HAL_Driver/Src/stm32f4xx_hal_i2c.o
 .text.I2C_WaitOnTXEFlagUntilTimeout
                0x08004658       0x90 ./Drivers/STM32F4xx_HAL_Driver/Src/stm32f4xx_hal_i2c.o
 .text.I2C_WaitOnBTFFlagUntilTimeout
                0x080046e8       0x90 ./Drivers/STM32F4xx_HAL_Driver/Src/stm32f4xx_hal_i2c.o
 .text.I2C_WaitOnRXNEFlagUntilTimeout
                0x08004778       0xba ./Drivers/STM32F4xx_HAL_Driver/Src/stm32f4xx_hal_i2c.o
 .text.I2C_IsAcknowledgeFailed
                0x08004832       0x5e ./Drivers/STM32F4xx_HAL_Driver/Src/stm32f4xx_hal_i2c.o
 .text.HAL_PCD_Init
                0x08004890      0x21e ./Drivers/STM32F4xx_HAL_Driver/Src/stm32f4xx_hal_pcd.o
                0x08004890                HAL_PCD_Init
 .text.HAL_PCD_Start
                0x08004aae       0x6a ./Drivers/STM32F4xx_HAL_Driver/Src/stm32f4xx_hal_pcd.o
                0x08004aae                HAL_PCD_Start
 .text.HAL_PCD_IRQHandler
                0x08004b18      0x942 ./Drivers/STM32F4xx_HAL_Driver/Src/stm32f4xx_hal_pcd.o
                0x08004b18                HAL_PCD_IRQHandler
 .text.HAL_PCD_SetAddress
                0x0800545a       0x48 ./Drivers/STM32F4xx_HAL_Driver/Src/stm32f4xx_hal_pcd.o
                0x0800545a                HAL_PCD_SetAddress
 .text.HAL_PCD_EP_Open
                0x080054a2       0xd0 ./Drivers/STM32F4xx_HAL_Driver/Src/stm32f4xx_hal_pcd.o
                0x080054a2                HAL_PCD_EP_Open
 .text.HAL_PCD_EP_Close
                0x08005572       0x94 ./Drivers/STM32F4xx_HAL_Driver/Src/stm32f4xx_hal_pcd.o
                0x08005572                HAL_PCD_EP_Close
 .text.HAL_PCD_EP_Receive
                0x08005606       0x76 ./Drivers/STM32F4xx_HAL_Driver/Src/stm32f4xx_hal_pcd.o
                0x08005606                HAL_PCD_EP_Receive
 .text.HAL_PCD_EP_GetRxCount
                0x0800567c       0x30 ./Drivers/STM32F4xx_HAL_Driver/Src/stm32f4xx_hal_pcd.o
                0x0800567c                HAL_PCD_EP_GetRxCount
 .text.HAL_PCD_EP_Transmit
                0x080056ac       0x74 ./Drivers/STM32F4xx_HAL_Driver/Src/stm32f4xx_hal_pcd.o
                0x080056ac                HAL_PCD_EP_Transmit
 .text.HAL_PCD_EP_SetStall
                0x08005720       0xc6 ./Drivers/STM32F4xx_HAL_Driver/Src/stm32f4xx_hal_pcd.o
                0x08005720                HAL_PCD_EP_SetStall
 .text.HAL_PCD_EP_ClrStall
                0x080057e6       0xac ./Drivers/STM32F4xx_HAL_Driver/Src/stm32f4xx_hal_pcd.o
                0x080057e6                HAL_PCD_EP_ClrStall
 .text.HAL_PCD_EP_Abort
                0x08005892       0x62 ./Drivers/STM32F4xx_HAL_Driver/Src/stm32f4xx_hal_pcd.o
                0x08005892                HAL_PCD_EP_Abort
 .text.PCD_WriteEmptyTxFifo
                0x080058f4      0x118 ./Drivers/STM32F4xx_HAL_Driver/Src/stm32f4xx_hal_pcd.o
 .text.PCD_EP_OutXfrComplete_int
                0x08005a0c      0x1d0 ./Drivers/STM32F4xx_HAL_Driver/Src/stm32f4xx_hal_pcd.o
 .text.PCD_EP_OutSetupPacket_int
                0x08005bdc       0x8c ./Drivers/STM32F4xx_HAL_Driver/Src/stm32f4xx_hal_pcd.o
 .text.HAL_PCDEx_SetTxFiFo
                0x08005c68       0x8e ./Drivers/STM32F4xx_HAL_Driver/Src/stm32f4xx_hal_pcd_ex.o
                0x08005c68                HAL_PCDEx_SetTxFiFo
 .text.HAL_PCDEx_SetRxFiFo
                0x08005cf6       0x22 ./Drivers/STM32F4xx_HAL_Driver/Src/stm32f4xx_hal_pcd_ex.o
                0x08005cf6                HAL_PCDEx_SetRxFiFo
 .text.HAL_PCDEx_LPM_Callback
                0x08005d18       0x18 ./Drivers/STM32F4xx_HAL_Driver/Src/stm32f4xx_hal_pcd_ex.o
                0x08005d18                HAL_PCDEx_LPM_Callback
 .text.HAL_RCC_OscConfig
                0x08005d30      0x4f0 ./Drivers/STM32F4xx_HAL_Driver/Src/stm32f4xx_hal_rcc.o
                0x08005d30                HAL_RCC_OscConfig
 .text.HAL_RCC_ClockConfig
                0x08006220      0x1cc ./Drivers/STM32F4xx_HAL_Driver/Src/stm32f4xx_hal_rcc.o
                0x08006220                HAL_RCC_ClockConfig
 .text.HAL_RCC_GetSysClockFreq
                0x080063ec      0x18c ./Drivers/STM32F4xx_HAL_Driver/Src/stm32f4xx_hal_rcc.o
                0x080063ec                HAL_RCC_GetSysClockFreq
 .text.HAL_RCC_GetHCLKFreq
                0x08006578       0x18 ./Drivers/STM32F4xx_HAL_Driver/Src/stm32f4xx_hal_rcc.o
                0x08006578                HAL_RCC_GetHCLKFreq
 .text.HAL_RCC_GetPCLK1Freq
                0x08006590       0x28 ./Drivers/STM32F4xx_HAL_Driver/Src/stm32f4xx_hal_rcc.o
                0x08006590                HAL_RCC_GetPCLK1Freq
 .text.HAL_RCC_GetPCLK2Freq
                0x080065b8       0x28 ./Drivers/STM32F4xx_HAL_Driver/Src/stm32f4xx_hal_rcc.o
                0x080065b8                HAL_RCC_GetPCLK2Freq
 .text.HAL_RCC_GetClockConfig
                0x080065e0       0x64 ./Drivers/STM32F4xx_HAL_Driver/Src/stm32f4xx_hal_rcc.o
                0x080065e0                HAL_RCC_GetClockConfig
 .text.HAL_TIM_Base_Init
                0x08006644       0x9e ./Drivers/STM32F4xx_HAL_Driver/Src/stm32f4xx_hal_tim.o
                0x08006644                HAL_TIM_Base_Init
 .text.HAL_TIM_Base_MspInit
                0x080066e2       0x14 ./Drivers/STM32F4xx_HAL_Driver/Src/stm32f4xx_hal_tim.o
                0x080066e2                HAL_TIM_Base_MspInit
 *fill*         0x080066f6        0x2 
 .text.HAL_TIM_Base_Start_IT
                0x080066f8       0xc4 ./Drivers/STM32F4xx_HAL_Driver/Src/stm32f4xx_hal_tim.o
                0x080066f8                HAL_TIM_Base_Start_IT
 .text.HAL_TIM_PWM_Init
                0x080067bc       0x9e ./Drivers/STM32F4xx_HAL_Driver/Src/stm32f4xx_hal_tim.o
                0x080067bc                HAL_TIM_PWM_Init
 .text.HAL_TIM_IRQHandler
                0x0800685a      0x1e0 ./Drivers/STM32F4xx_HAL_Driver/Src/stm32f4xx_hal_tim.o
                0x0800685a                HAL_TIM_IRQHandler
 *fill*         0x08006a3a        0x2 
 .text.HAL_TIM_PWM_ConfigChannel
                0x08006a3c      0x184 ./Drivers/STM32F4xx_HAL_Driver/Src/stm32f4xx_hal_tim.o
                0x08006a3c                HAL_TIM_PWM_ConfigChannel
 .text.HAL_TIM_OC_DelayElapsedCallback
                0x08006bc0       0x14 ./Drivers/STM32F4xx_HAL_Driver/Src/stm32f4xx_hal_tim.o
                0x08006bc0                HAL_TIM_OC_DelayElapsedCallback
 .text.HAL_TIM_IC_CaptureCallback
                0x08006bd4       0x14 ./Drivers/STM32F4xx_HAL_Driver/Src/stm32f4xx_hal_tim.o
                0x08006bd4                HAL_TIM_IC_CaptureCallback
 .text.HAL_TIM_PWM_PulseFinishedCallback
                0x08006be8       0x14 ./Drivers/STM32F4xx_HAL_Driver/Src/stm32f4xx_hal_tim.o
                0x08006be8                HAL_TIM_PWM_PulseFinishedCallback
 .text.HAL_TIM_TriggerCallback
                0x08006bfc       0x14 ./Drivers/STM32F4xx_HAL_Driver/Src/stm32f4xx_hal_tim.o
                0x08006bfc                HAL_TIM_TriggerCallback
 .text.TIM_Base_SetConfig
                0x08006c10      0x118 ./Drivers/STM32F4xx_HAL_Driver/Src/stm32f4xx_hal_tim.o
                0x08006c10                TIM_Base_SetConfig
 .text.TIM_OC1_SetConfig
                0x08006d28       0xcc ./Drivers/STM32F4xx_HAL_Driver/Src/stm32f4xx_hal_tim.o
 .text.TIM_OC2_SetConfig
                0x08006df4       0xd8 ./Drivers/STM32F4xx_HAL_Driver/Src/stm32f4xx_hal_tim.o
                0x08006df4                TIM_OC2_SetConfig
 .text.TIM_OC3_SetConfig
                0x08006ecc       0xd4 ./Drivers/STM32F4xx_HAL_Driver/Src/stm32f4xx_hal_tim.o
 .text.TIM_OC4_SetConfig
                0x08006fa0       0xa0 ./Drivers/STM32F4xx_HAL_Driver/Src/stm32f4xx_hal_tim.o
 .text.HAL_TIMEx_MasterConfigSynchronization
                0x08007040       0xdc ./Drivers/STM32F4xx_HAL_Driver/Src/stm32f4xx_hal_tim_ex.o
                0x08007040                HAL_TIMEx_MasterConfigSynchronization
 .text.HAL_TIMEx_CommutCallback
                0x0800711c       0x14 ./Drivers/STM32F4xx_HAL_Driver/Src/stm32f4xx_hal_tim_ex.o
                0x0800711c                HAL_TIMEx_CommutCallback
 .text.HAL_TIMEx_BreakCallback
                0x08007130       0x14 ./Drivers/STM32F4xx_HAL_Driver/Src/stm32f4xx_hal_tim_ex.o
                0x08007130                HAL_TIMEx_BreakCallback
 .text.USB_CoreInit
                0x08007144       0xc8 ./Drivers/STM32F4xx_HAL_Driver/Src/stm32f4xx_ll_usb.o
                0x08007144                USB_CoreInit
 .text.USB_SetTurnaroundTime
                0x0800720c      0x144 ./Drivers/STM32F4xx_HAL_Driver/Src/stm32f4xx_ll_usb.o
                0x0800720c                USB_SetTurnaroundTime
 .text.USB_EnableGlobalInt
                0x08007350       0x22 ./Drivers/STM32F4xx_HAL_Driver/Src/stm32f4xx_ll_usb.o
                0x08007350                USB_EnableGlobalInt
 .text.USB_DisableGlobalInt
                0x08007372       0x22 ./Drivers/STM32F4xx_HAL_Driver/Src/stm32f4xx_ll_usb.o
                0x08007372                USB_DisableGlobalInt
 .text.USB_SetCurrentMode
                0x08007394       0x98 ./Drivers/STM32F4xx_HAL_Driver/Src/stm32f4xx_ll_usb.o
                0x08007394                USB_SetCurrentMode
 .text.USB_DevInit
                0x0800742c      0x2c8 ./Drivers/STM32F4xx_HAL_Driver/Src/stm32f4xx_ll_usb.o
                0x0800742c                USB_DevInit
 .text.USB_FlushTxFifo
                0x080076f4       0x64 ./Drivers/STM32F4xx_HAL_Driver/Src/stm32f4xx_ll_usb.o
                0x080076f4                USB_FlushTxFifo
 .text.USB_FlushRxFifo
                0x08007758       0x5c ./Drivers/STM32F4xx_HAL_Driver/Src/stm32f4xx_ll_usb.o
                0x08007758                USB_FlushRxFifo
 .text.USB_SetDevSpeed
                0x080077b4       0x32 ./Drivers/STM32F4xx_HAL_Driver/Src/stm32f4xx_ll_usb.o
                0x080077b4                USB_SetDevSpeed
 .text.USB_GetDevSpeed
                0x080077e6       0x4a ./Drivers/STM32F4xx_HAL_Driver/Src/stm32f4xx_ll_usb.o
                0x080077e6                USB_GetDevSpeed
 .text.USB_ActivateEndpoint
                0x08007830      0x10e ./Drivers/STM32F4xx_HAL_Driver/Src/stm32f4xx_ll_usb.o
                0x08007830                USB_ActivateEndpoint
 *fill*         0x0800793e        0x2 
 .text.USB_DeactivateEndpoint
                0x08007940      0x1b8 ./Drivers/STM32F4xx_HAL_Driver/Src/stm32f4xx_ll_usb.o
                0x08007940                USB_DeactivateEndpoint
 .text.USB_EPStartXfer
                0x08007af8      0x530 ./Drivers/STM32F4xx_HAL_Driver/Src/stm32f4xx_ll_usb.o
                0x08007af8                USB_EPStartXfer
 .text.USB_EPStopXfer
                0x08008028      0x154 ./Drivers/STM32F4xx_HAL_Driver/Src/stm32f4xx_ll_usb.o
                0x08008028                USB_EPStopXfer
 .text.USB_WritePacket
                0x0800817c       0x7c ./Drivers/STM32F4xx_HAL_Driver/Src/stm32f4xx_ll_usb.o
                0x0800817c                USB_WritePacket
 .text.USB_ReadPacket
                0x080081f8       0xb0 ./Drivers/STM32F4xx_HAL_Driver/Src/stm32f4xx_ll_usb.o
                0x080081f8                USB_ReadPacket
 .text.USB_EPSetStall
                0x080082a8       0xdc ./Drivers/STM32F4xx_HAL_Driver/Src/stm32f4xx_ll_usb.o
                0x080082a8                USB_EPSetStall
 .text.USB_EPClearStall
                0x08008384       0xcc ./Drivers/STM32F4xx_HAL_Driver/Src/stm32f4xx_ll_usb.o
                0x08008384                USB_EPClearStall
 .text.USB_SetDevAddress
                0x08008450       0x4c ./Drivers/STM32F4xx_HAL_Driver/Src/stm32f4xx_ll_usb.o
                0x08008450                USB_SetDevAddress
 .text.USB_DevConnect
                0x0800849c       0x42 ./Drivers/STM32F4xx_HAL_Driver/Src/stm32f4xx_ll_usb.o
                0x0800849c                USB_DevConnect
 .text.USB_DevDisconnect
                0x080084de       0x42 ./Drivers/STM32F4xx_HAL_Driver/Src/stm32f4xx_ll_usb.o
                0x080084de                USB_DevDisconnect
 .text.USB_ReadInterrupts
                0x08008520       0x26 ./Drivers/STM32F4xx_HAL_Driver/Src/stm32f4xx_ll_usb.o
                0x08008520                USB_ReadInterrupts
 .text.USB_ReadDevAllOutEpInterrupt
                0x08008546       0x34 ./Drivers/STM32F4xx_HAL_Driver/Src/stm32f4xx_ll_usb.o
                0x08008546                USB_ReadDevAllOutEpInterrupt
 .text.USB_ReadDevAllInEpInterrupt
                0x0800857a       0x34 ./Drivers/STM32F4xx_HAL_Driver/Src/stm32f4xx_ll_usb.o
                0x0800857a                USB_ReadDevAllInEpInterrupt
 .text.USB_ReadDevOutEPInterrupt
                0x080085ae       0x3c ./Drivers/STM32F4xx_HAL_Driver/Src/stm32f4xx_ll_usb.o
                0x080085ae                USB_ReadDevOutEPInterrupt
 .text.USB_ReadDevInEPInterrupt
                0x080085ea       0x5c ./Drivers/STM32F4xx_HAL_Driver/Src/stm32f4xx_ll_usb.o
                0x080085ea                USB_ReadDevInEPInterrupt
 .text.USB_GetMode
                0x08008646       0x1c ./Drivers/STM32F4xx_HAL_Driver/Src/stm32f4xx_ll_usb.o
                0x08008646                USB_GetMode
 .text.USB_ActivateSetup
                0x08008662       0x46 ./Drivers/STM32F4xx_HAL_Driver/Src/stm32f4xx_ll_usb.o
                0x08008662                USB_ActivateSetup
 .text.USB_EP0_OutStart
                0x080086a8       0xbc ./Drivers/STM32F4xx_HAL_Driver/Src/stm32f4xx_ll_usb.o
                0x080086a8                USB_EP0_OutStart
 .text.USB_CoreReset
                0x08008764       0x62 ./Drivers/STM32F4xx_HAL_Driver/Src/stm32f4xx_ll_usb.o
 *fill*         0x080087c6        0x2 
 .text.USBD_CDC_Init
                0x080087c8      0x1f0 ./Middlewares/ST/STM32_USB_Device_Library/Class/CDC/Src/usbd_cdc.o
 .text.USBD_CDC_DeInit
                0x080089b8      0x104 ./Middlewares/ST/STM32_USB_Device_Library/Class/CDC/Src/usbd_cdc.o
 .text.USBD_CDC_Setup
                0x08008abc      0x1b8 ./Middlewares/ST/STM32_USB_Device_Library/Class/CDC/Src/usbd_cdc.o
 .text.USBD_CDC_DataIn
                0x08008c74       0xfe ./Middlewares/ST/STM32_USB_Device_Library/Class/CDC/Src/usbd_cdc.o
 .text.USBD_CDC_DataOut
                0x08008d72       0x70 ./Middlewares/ST/STM32_USB_Device_Library/Class/CDC/Src/usbd_cdc.o
 .text.USBD_CDC_EP0_RxReady
                0x08008de2       0x74 ./Middlewares/ST/STM32_USB_Device_Library/Class/CDC/Src/usbd_cdc.o
 *fill*         0x08008e56        0x2 
 .text.USBD_CDC_GetFSCfgDesc
                0x08008e58       0x70 ./Middlewares/ST/STM32_USB_Device_Library/Class/CDC/Src/usbd_cdc.o
 .text.USBD_CDC_GetHSCfgDesc
                0x08008ec8       0x70 ./Middlewares/ST/STM32_USB_Device_Library/Class/CDC/Src/usbd_cdc.o
 .text.USBD_CDC_GetOtherSpeedCfgDesc
                0x08008f38       0x70 ./Middlewares/ST/STM32_USB_Device_Library/Class/CDC/Src/usbd_cdc.o
 .text.USBD_CDC_GetDeviceQualifierDescriptor
                0x08008fa8       0x20 ./Middlewares/ST/STM32_USB_Device_Library/Class/CDC/Src/usbd_cdc.o
                0x08008fa8                USBD_CDC_GetDeviceQualifierDescriptor
 .text.USBD_CDC_RegisterInterface
                0x08008fc8       0x34 ./Middlewares/ST/STM32_USB_Device_Library/Class/CDC/Src/usbd_cdc.o
                0x08008fc8                USBD_CDC_RegisterInterface
 .text.USBD_CDC_SetTxBuffer
                0x08008ffc       0x44 ./Middlewares/ST/STM32_USB_Device_Library/Class/CDC/Src/usbd_cdc.o
                0x08008ffc                USBD_CDC_SetTxBuffer
 .text.USBD_CDC_SetRxBuffer
                0x08009040       0x3a ./Middlewares/ST/STM32_USB_Device_Library/Class/CDC/Src/usbd_cdc.o
                0x08009040                USBD_CDC_SetRxBuffer
 *fill*         0x0800907a        0x2 
 .text.USBD_CDC_TransmitPacket
                0x0800907c       0x80 ./Middlewares/ST/STM32_USB_Device_Library/Class/CDC/Src/usbd_cdc.o
                0x0800907c                USBD_CDC_TransmitPacket
 .text.USBD_CDC_ReceivePacket
                0x080090fc       0x6c ./Middlewares/ST/STM32_USB_Device_Library/Class/CDC/Src/usbd_cdc.o
                0x080090fc                USBD_CDC_ReceivePacket
 .text.USBD_Init
                0x08009168       0x60 ./Middlewares/ST/STM32_USB_Device_Library/Core/Src/usbd_core.o
                0x08009168                USBD_Init
 .text.USBD_RegisterClass
                0x080091c8       0x6c ./Middlewares/ST/STM32_USB_Device_Library/Core/Src/usbd_core.o
                0x080091c8                USBD_RegisterClass
 .text.USBD_Start
                0x08009234       0x18 ./Middlewares/ST/STM32_USB_Device_Library/Core/Src/usbd_core.o
                0x08009234                USBD_Start
 .text.USBD_RunTestMode
                0x0800924c       0x16 ./Middlewares/ST/STM32_USB_Device_Library/Core/Src/usbd_core.o
                0x0800924c                USBD_RunTestMode
 .text.USBD_SetClassConfig
                0x08009262       0x38 ./Middlewares/ST/STM32_USB_Device_Library/Core/Src/usbd_core.o
                0x08009262                USBD_SetClassConfig
 .text.USBD_ClrClassConfig
                0x0800929a       0x34 ./Middlewares/ST/STM32_USB_Device_Library/Core/Src/usbd_core.o
                0x0800929a                USBD_ClrClassConfig
 .text.USBD_LL_SetupStage
                0x080092ce       0xaa ./Middlewares/ST/STM32_USB_Device_Library/Core/Src/usbd_core.o
                0x080092ce                USBD_LL_SetupStage
 .text.USBD_LL_DataOutStage
                0x08009378      0x166 ./Middlewares/ST/STM32_USB_Device_Library/Core/Src/usbd_core.o
                0x08009378                USBD_LL_DataOutStage
 .text.USBD_LL_DataInStage
                0x080094de      0x164 ./Middlewares/ST/STM32_USB_Device_Library/Core/Src/usbd_core.o
                0x080094de                USBD_LL_DataInStage
 .text.USBD_LL_Reset
                0x08009642       0xa4 ./Middlewares/ST/STM32_USB_Device_Library/Core/Src/usbd_core.o
                0x08009642                USBD_LL_Reset
 .text.USBD_LL_SetSpeed
                0x080096e6       0x20 ./Middlewares/ST/STM32_USB_Device_Library/Core/Src/usbd_core.o
                0x080096e6                USBD_LL_SetSpeed
 .text.USBD_LL_Suspend
                0x08009706       0x38 ./Middlewares/ST/STM32_USB_Device_Library/Core/Src/usbd_core.o
                0x08009706                USBD_LL_Suspend
 .text.USBD_LL_Resume
                0x0800973e       0x30 ./Middlewares/ST/STM32_USB_Device_Library/Core/Src/usbd_core.o
                0x0800973e                USBD_LL_Resume
 .text.USBD_LL_SOF
                0x0800976e       0x40 ./Middlewares/ST/STM32_USB_Device_Library/Core/Src/usbd_core.o
                0x0800976e                USBD_LL_SOF
 .text.USBD_LL_IsoINIncomplete
                0x080097ae       0x64 ./Middlewares/ST/STM32_USB_Device_Library/Core/Src/usbd_core.o
                0x080097ae                USBD_LL_IsoINIncomplete
 .text.USBD_LL_IsoOUTIncomplete
                0x08009812       0x64 ./Middlewares/ST/STM32_USB_Device_Library/Core/Src/usbd_core.o
                0x08009812                USBD_LL_IsoOUTIncomplete
 .text.USBD_LL_DevConnected
                0x08009876       0x16 ./Middlewares/ST/STM32_USB_Device_Library/Core/Src/usbd_core.o
                0x08009876                USBD_LL_DevConnected
 .text.USBD_LL_DevDisconnected
                0x0800988c       0x46 ./Middlewares/ST/STM32_USB_Device_Library/Core/Src/usbd_core.o
                0x0800988c                USBD_LL_DevDisconnected
 .text.USBD_CoreFindIF
                0x080098d2       0x1a ./Middlewares/ST/STM32_USB_Device_Library/Core/Src/usbd_core.o
                0x080098d2                USBD_CoreFindIF
 .text.USBD_CoreFindEP
                0x080098ec       0x1a ./Middlewares/ST/STM32_USB_Device_Library/Core/Src/usbd_core.o
                0x080098ec                USBD_CoreFindEP
 .text.USBD_GetEpDesc
                0x08009906       0x70 ./Middlewares/ST/STM32_USB_Device_Library/Core/Src/usbd_core.o
                0x08009906                USBD_GetEpDesc
 .text.USBD_GetNextDesc
                0x08009976       0x38 ./Middlewares/ST/STM32_USB_Device_Library/Core/Src/usbd_core.o
                0x08009976                USBD_GetNextDesc
 .text.SWAPBYTE
                0x080099ae       0x3c ./Middlewares/ST/STM32_USB_Device_Library/Core/Src/usbd_ctlreq.o
 *fill*         0x080099ea        0x2 
 .text.USBD_StdDevReq
                0x080099ec       0xe4 ./Middlewares/ST/STM32_USB_Device_Library/Core/Src/usbd_ctlreq.o
                0x080099ec                USBD_StdDevReq
 .text.USBD_StdItfReq
                0x08009ad0       0xd8 ./Middlewares/ST/STM32_USB_Device_Library/Core/Src/usbd_ctlreq.o
                0x08009ad0                USBD_StdItfReq
 .text.USBD_StdEPReq
                0x08009ba8      0x33a ./Middlewares/ST/STM32_USB_Device_Library/Core/Src/usbd_ctlreq.o
                0x08009ba8                USBD_StdEPReq
 *fill*         0x08009ee2        0x2 
 .text.USBD_GetDescriptor
                0x08009ee4      0x2d4 ./Middlewares/ST/STM32_USB_Device_Library/Core/Src/usbd_ctlreq.o
 .text.USBD_SetAddress
                0x0800a1b8       0x88 ./Middlewares/ST/STM32_USB_Device_Library/Core/Src/usbd_ctlreq.o
 .text.USBD_SetConfig
                0x0800a240      0x154 ./Middlewares/ST/STM32_USB_Device_Library/Core/Src/usbd_ctlreq.o
 .text.USBD_GetConfig
                0x0800a394       0x6c ./Middlewares/ST/STM32_USB_Device_Library/Core/Src/usbd_ctlreq.o
 .text.USBD_GetStatus
                0x0800a400       0x68 ./Middlewares/ST/STM32_USB_Device_Library/Core/Src/usbd_ctlreq.o
 .text.USBD_SetFeature
                0x0800a468       0x52 ./Middlewares/ST/STM32_USB_Device_Library/Core/Src/usbd_ctlreq.o
 .text.USBD_ClrFeature
                0x0800a4ba       0x44 ./Middlewares/ST/STM32_USB_Device_Library/Core/Src/usbd_ctlreq.o
 .text.USBD_ParseSetupRequest
                0x0800a4fe       0x74 ./Middlewares/ST/STM32_USB_Device_Library/Core/Src/usbd_ctlreq.o
                0x0800a4fe                USBD_ParseSetupRequest
 .text.USBD_CtlError
                0x0800a572       0x22 ./Middlewares/ST/STM32_USB_Device_Library/Core/Src/usbd_ctlreq.o
                0x0800a572                USBD_CtlError
 .text.USBD_GetString
                0x0800a594       0x8c ./Middlewares/ST/STM32_USB_Device_Library/Core/Src/usbd_ctlreq.o
                0x0800a594                USBD_GetString
 .text.USBD_GetLen
                0x0800a620       0x34 ./Middlewares/ST/STM32_USB_Device_Library/Core/Src/usbd_ctlreq.o
 .text.USBD_CtlSendData
                0x0800a654       0x36 ./Middlewares/ST/STM32_USB_Device_Library/Core/Src/usbd_ioreq.o
                0x0800a654                USBD_CtlSendData
 .text.USBD_CtlContinueSendData
                0x0800a68a       0x22 ./Middlewares/ST/STM32_USB_Device_Library/Core/Src/usbd_ioreq.o
                0x0800a68a                USBD_CtlContinueSendData
 .text.USBD_CtlPrepareRx
                0x0800a6ac       0x3a ./Middlewares/ST/STM32_USB_Device_Library/Core/Src/usbd_ioreq.o
                0x0800a6ac                USBD_CtlPrepareRx
 .text.USBD_CtlContinueRx
                0x0800a6e6       0x22 ./Middlewares/ST/STM32_USB_Device_Library/Core/Src/usbd_ioreq.o
                0x0800a6e6                USBD_CtlContinueRx
 .text.USBD_CtlSendStatus
                0x0800a708       0x26 ./Middlewares/ST/STM32_USB_Device_Library/Core/Src/usbd_ioreq.o
                0x0800a708                USBD_CtlSendStatus
 .text.USBD_CtlReceiveStatus
                0x0800a72e       0x26 ./Middlewares/ST/STM32_USB_Device_Library/Core/Src/usbd_ioreq.o
                0x0800a72e                USBD_CtlReceiveStatus
 .text.__NVIC_SetPriority
                0x0800a754       0x54 ./Middlewares/Third_Party/FreeRTOS/Source/CMSIS_RTOS_V2/cmsis_os2.o
 .text.SysTick_Handler
                0x0800a7a8       0x20 ./Middlewares/Third_Party/FreeRTOS/Source/CMSIS_RTOS_V2/cmsis_os2.o
                0x0800a7a8                SysTick_Handler
 .text.SVC_Setup
                0x0800a7c8       0x12 ./Middlewares/Third_Party/FreeRTOS/Source/CMSIS_RTOS_V2/cmsis_os2.o
 *fill*         0x0800a7da        0x2 
 .text.osKernelInitialize
                0x0800a7dc       0x48 ./Middlewares/Third_Party/FreeRTOS/Source/CMSIS_RTOS_V2/cmsis_os2.o
                0x0800a7dc                osKernelInitialize
 .text.osKernelStart
                0x0800a824       0x4c ./Middlewares/Third_Party/FreeRTOS/Source/CMSIS_RTOS_V2/cmsis_os2.o
                0x0800a824                osKernelStart
 .text.osThreadNew
                0x0800a870      0x124 ./Middlewares/Third_Party/FreeRTOS/Source/CMSIS_RTOS_V2/cmsis_os2.o
                0x0800a870                osThreadNew
 .text.osDelay  0x0800a994       0x36 ./Middlewares/Third_Party/FreeRTOS/Source/CMSIS_RTOS_V2/cmsis_os2.o
                0x0800a994                osDelay
 *fill*         0x0800a9ca        0x2 
 .text.vApplicationGetIdleTaskMemory
                0x0800a9cc       0x34 ./Middlewares/Third_Party/FreeRTOS/Source/CMSIS_RTOS_V2/cmsis_os2.o
                0x0800a9cc                vApplicationGetIdleTaskMemory
 .text.vApplicationGetTimerTaskMemory
                0x0800aa00       0x34 ./Middlewares/Third_Party/FreeRTOS/Source/CMSIS_RTOS_V2/cmsis_os2.o
                0x0800aa00                vApplicationGetTimerTaskMemory
 .text.vListInitialise
                0x0800aa34       0x40 ./Middlewares/Third_Party/FreeRTOS/Source/list.o
                0x0800aa34                vListInitialise
 .text.vListInitialiseItem
                0x0800aa74       0x1a ./Middlewares/Third_Party/FreeRTOS/Source/list.o
                0x0800aa74                vListInitialiseItem
 .text.vListInsertEnd
                0x0800aa8e       0x48 ./Middlewares/Third_Party/FreeRTOS/Source/list.o
                0x0800aa8e                vListInsertEnd
 .text.vListInsert
                0x0800aad6       0x72 ./Middlewares/Third_Party/FreeRTOS/Source/list.o
                0x0800aad6                vListInsert
 .text.uxListRemove
                0x0800ab48       0x54 ./Middlewares/Third_Party/FreeRTOS/Source/list.o
                0x0800ab48                uxListRemove
 .text.xQueueGenericReset
                0x0800ab9c       0xd4 ./Middlewares/Third_Party/FreeRTOS/Source/queue.o
                0x0800ab9c                xQueueGenericReset
 .text.xQueueGenericCreateStatic
                0x0800ac70       0xfa ./Middlewares/Third_Party/FreeRTOS/Source/queue.o
                0x0800ac70                xQueueGenericCreateStatic
 .text.prvInitialiseNewQueue
                0x0800ad6a       0x46 ./Middlewares/Third_Party/FreeRTOS/Source/queue.o
 .text.xQueueGenericSend
                0x0800adb0      0x204 ./Middlewares/Third_Party/FreeRTOS/Source/queue.o
                0x0800adb0                xQueueGenericSend
 .text.xQueueGenericSendFromISR
                0x0800afb4      0x13c ./Middlewares/Third_Party/FreeRTOS/Source/queue.o
                0x0800afb4                xQueueGenericSendFromISR
 .text.xQueueReceive
                0x0800b0f0      0x1c4 ./Middlewares/Third_Party/FreeRTOS/Source/queue.o
                0x0800b0f0                xQueueReceive
 .text.prvCopyDataToQueue
                0x0800b2b4       0xd4 ./Middlewares/Third_Party/FreeRTOS/Source/queue.o
 .text.prvCopyDataFromQueue
                0x0800b388       0x4c ./Middlewares/Third_Party/FreeRTOS/Source/queue.o
 .text.prvUnlockQueue
                0x0800b3d4       0xa4 ./Middlewares/Third_Party/FreeRTOS/Source/queue.o
 .text.prvIsQueueEmpty
                0x0800b478       0x2c ./Middlewares/Third_Party/FreeRTOS/Source/queue.o
 .text.prvIsQueueFull
                0x0800b4a4       0x30 ./Middlewares/Third_Party/FreeRTOS/Source/queue.o
 .text.vQueueAddToRegistry
                0x0800b4d4       0x54 ./Middlewares/Third_Party/FreeRTOS/Source/queue.o
                0x0800b4d4                vQueueAddToRegistry
 .text.vQueueWaitForMessageRestricted
                0x0800b528       0x68 ./Middlewares/Third_Party/FreeRTOS/Source/queue.o
                0x0800b528                vQueueWaitForMessageRestricted
 .text.xTaskCreateStatic
                0x0800b590       0xc0 ./Middlewares/Third_Party/FreeRTOS/Source/tasks.o
                0x0800b590                xTaskCreateStatic
 .text.xTaskCreate
                0x0800b650       0x8a ./Middlewares/Third_Party/FreeRTOS/Source/tasks.o
                0x0800b650                xTaskCreate
 *fill*         0x0800b6da        0x2 
 .text.prvInitialiseNewTask
                0x0800b6dc      0x150 ./Middlewares/Third_Party/FreeRTOS/Source/tasks.o
 .text.prvAddNewTaskToReadyList
                0x0800b82c       0xe0 ./Middlewares/Third_Party/FreeRTOS/Source/tasks.o
 .text.vTaskDelay
                0x0800b90c       0x6c ./Middlewares/Third_Party/FreeRTOS/Source/tasks.o
                0x0800b90c                vTaskDelay
 .text.vTaskStartScheduler
                0x0800b978       0xe0 ./Middlewares/Third_Party/FreeRTOS/Source/tasks.o
                0x0800b978                vTaskStartScheduler
 .text.vTaskSuspendAll
                0x0800ba58       0x1c ./Middlewares/Third_Party/FreeRTOS/Source/tasks.o
                0x0800ba58                vTaskSuspendAll
 .text.xTaskResumeAll
                0x0800ba74      0x13c ./Middlewares/Third_Party/FreeRTOS/Source/tasks.o
                0x0800ba74                xTaskResumeAll
 .text.xTaskGetTickCount
                0x0800bbb0       0x20 ./Middlewares/Third_Party/FreeRTOS/Source/tasks.o
                0x0800bbb0                xTaskGetTickCount
 .text.xTaskIncrementTick
                0x0800bbd0      0x174 ./Middlewares/Third_Party/FreeRTOS/Source/tasks.o
                0x0800bbd0                xTaskIncrementTick
 .text.vTaskSwitchContext
                0x0800bd44       0xcc ./Middlewares/Third_Party/FreeRTOS/Source/tasks.o
                0x0800bd44                vTaskSwitchContext
 .text.vTaskPlaceOnEventList
                0x0800be10       0x4c ./Middlewares/Third_Party/FreeRTOS/Source/tasks.o
                0x0800be10                vTaskPlaceOnEventList
 .text.vTaskPlaceOnEventListRestricted
                0x0800be5c       0x58 ./Middlewares/Third_Party/FreeRTOS/Source/tasks.o
                0x0800be5c                vTaskPlaceOnEventListRestricted
 .text.xTaskRemoveFromEventList
                0x0800beb4       0xc8 ./Middlewares/Third_Party/FreeRTOS/Source/tasks.o
                0x0800beb4                xTaskRemoveFromEventList
 .text.vTaskInternalSetTimeOutState
                0x0800bf7c       0x2c ./Middlewares/Third_Party/FreeRTOS/Source/tasks.o
                0x0800bf7c                vTaskInternalSetTimeOutState
 .text.xTaskCheckForTimeOut
                0x0800bfa8       0xc8 ./Middlewares/Third_Party/FreeRTOS/Source/tasks.o
                0x0800bfa8                xTaskCheckForTimeOut
 .text.vTaskMissedYield
                0x0800c070       0x18 ./Middlewares/Third_Party/FreeRTOS/Source/tasks.o
                0x0800c070                vTaskMissedYield
 .text.prvIdleTask
                0x0800c088       0x30 ./Middlewares/Third_Party/FreeRTOS/Source/tasks.o
 .text.prvInitialiseTaskLists
                0x0800c0b8       0x80 ./Middlewares/Third_Party/FreeRTOS/Source/tasks.o
 .text.prvCheckTasksWaitingTermination
                0x0800c138       0x5c ./Middlewares/Third_Party/FreeRTOS/Source/tasks.o
 .text.prvDeleteTCB
                0x0800c194       0x6a ./Middlewares/Third_Party/FreeRTOS/Source/tasks.o
 *fill*         0x0800c1fe        0x2 
 .text.prvResetNextTaskUnblockTime
                0x0800c200       0x40 ./Middlewares/Third_Party/FreeRTOS/Source/tasks.o
 .text.xTaskGetSchedulerState
                0x0800c240       0x3c ./Middlewares/Third_Party/FreeRTOS/Source/tasks.o
                0x0800c240                xTaskGetSchedulerState
 .text.xTaskPriorityDisinherit
                0x0800c27c       0xe0 ./Middlewares/Third_Party/FreeRTOS/Source/tasks.o
                0x0800c27c                xTaskPriorityDisinherit
 .text.prvAddCurrentTaskToDelayedList
                0x0800c35c       0xa8 ./Middlewares/Third_Party/FreeRTOS/Source/tasks.o
 .text.xTimerCreateTimerTask
                0x0800c404       0x94 ./Middlewares/Third_Party/FreeRTOS/Source/timers.o
                0x0800c404                xTimerCreateTimerTask
 .text.xTimerGenericCommand
                0x0800c498       0x9c ./Middlewares/Third_Party/FreeRTOS/Source/timers.o
                0x0800c498                xTimerGenericCommand
 .text.prvProcessExpiredTimer
                0x0800c534       0x9c ./Middlewares/Third_Party/FreeRTOS/Source/timers.o
 .text.prvTimerTask
                0x0800c5d0       0x26 ./Middlewares/Third_Party/FreeRTOS/Source/timers.o
 *fill*         0x0800c5f6        0x2 
 .text.prvProcessTimerOrBlockTask
                0x0800c5f8       0x9c ./Middlewares/Third_Party/FreeRTOS/Source/timers.o
 .text.prvGetNextExpireTime
                0x0800c694       0x48 ./Middlewares/Third_Party/FreeRTOS/Source/timers.o
 .text.prvSampleTimeNow
                0x0800c6dc       0x40 ./Middlewares/Third_Party/FreeRTOS/Source/timers.o
 .text.prvInsertTimerInActiveList
                0x0800c71c       0x84 ./Middlewares/Third_Party/FreeRTOS/Source/timers.o
 .text.prvProcessReceivedCommands
                0x0800c7a0      0x1cc ./Middlewares/Third_Party/FreeRTOS/Source/timers.o
 .text.prvSwitchTimerLists
                0x0800c96c       0xcc ./Middlewares/Third_Party/FreeRTOS/Source/timers.o
 .text.prvCheckForValidListAndQueue
                0x0800ca38       0x80 ./Middlewares/Third_Party/FreeRTOS/Source/timers.o
 .text.pxPortInitialiseStack
                0x0800cab8       0x68 ./Middlewares/Third_Party/FreeRTOS/Source/portable/GCC/ARM_CM4F/port.o
                0x0800cab8                pxPortInitialiseStack
 .text.prvTaskExitError
                0x0800cb20       0x5c ./Middlewares/Third_Party/FreeRTOS/Source/portable/GCC/ARM_CM4F/port.o
 *fill*         0x0800cb7c        0x4 
 .text.SVC_Handler
                0x0800cb80       0x28 ./Middlewares/Third_Party/FreeRTOS/Source/portable/GCC/ARM_CM4F/port.o
                0x0800cb80                SVC_Handler
 .text.prvPortStartFirstTask
                0x0800cba8       0x28 ./Middlewares/Third_Party/FreeRTOS/Source/portable/GCC/ARM_CM4F/port.o
 .text.xPortStartScheduler
                0x0800cbd0      0x148 ./Middlewares/Third_Party/FreeRTOS/Source/portable/GCC/ARM_CM4F/port.o
                0x0800cbd0                xPortStartScheduler
 .text.vPortEnterCritical
                0x0800cd18       0x64 ./Middlewares/Third_Party/FreeRTOS/Source/portable/GCC/ARM_CM4F/port.o
                0x0800cd18                vPortEnterCritical
 .text.vPortExitCritical
                0x0800cd7c       0x54 ./Middlewares/Third_Party/FreeRTOS/Source/portable/GCC/ARM_CM4F/port.o
                0x0800cd7c                vPortExitCritical
 .text.PendSV_Handler
                0x0800cdd0       0x68 ./Middlewares/Third_Party/FreeRTOS/Source/portable/GCC/ARM_CM4F/port.o
                0x0800cdd0                PendSV_Handler
 .text.xPortSysTickHandler
                0x0800ce38       0x44 ./Middlewares/Third_Party/FreeRTOS/Source/portable/GCC/ARM_CM4F/port.o
                0x0800ce38                xPortSysTickHandler
 .text.vPortSetupTimerInterrupt
                0x0800ce7c       0x48 ./Middlewares/Third_Party/FreeRTOS/Source/portable/GCC/ARM_CM4F/port.o
                0x0800ce7c                vPortSetupTimerInterrupt
 .text.vPortEnableVFP
                0x0800cec4       0x14 ./Middlewares/Third_Party/FreeRTOS/Source/portable/GCC/ARM_CM4F/port.o
 .text.vPortValidateInterruptPriority
                0x0800ced8       0x84 ./Middlewares/Third_Party/FreeRTOS/Source/portable/GCC/ARM_CM4F/port.o
                0x0800ced8                vPortValidateInterruptPriority
 .text.pvPortMalloc
                0x0800cf5c      0x19c ./Middlewares/Third_Party/FreeRTOS/Source/portable/MemMang/heap_4.o
                0x0800cf5c                pvPortMalloc
 .text.vPortFree
                0x0800d0f8       0xc8 ./Middlewares/Third_Party/FreeRTOS/Source/portable/MemMang/heap_4.o
                0x0800d0f8                vPortFree
 .text.prvHeapInit
                0x0800d1c0       0xc4 ./Middlewares/Third_Party/FreeRTOS/Source/portable/MemMang/heap_4.o
 .text.prvInsertBlockIntoFreeList
                0x0800d284       0xb4 ./Middlewares/Third_Party/FreeRTOS/Source/portable/MemMang/heap_4.o
 .text.MX_USB_DEVICE_Init
                0x0800d338       0x60 ./USB_DEVICE/App/usb_device.o
                0x0800d338                MX_USB_DEVICE_Init
 .text.CDC_Init_FS
                0x0800d398       0x28 ./USB_DEVICE/App/usbd_cdc_if.o
 .text.CDC_DeInit_FS
                0x0800d3c0       0x10 ./USB_DEVICE/App/usbd_cdc_if.o
 .text.CDC_Control_FS
                0x0800d3d0       0xbc ./USB_DEVICE/App/usbd_cdc_if.o
 .text.CDC_Receive_FS
                0x0800d48c       0x28 ./USB_DEVICE/App/usbd_cdc_if.o
 .text.CDC_Transmit_FS
                0x0800d4b4       0x4c ./USB_DEVICE/App/usbd_cdc_if.o
                0x0800d4b4                CDC_Transmit_FS
 .text.CDC_TransmitCplt_FS
                0x0800d500       0x22 ./USB_DEVICE/App/usbd_cdc_if.o
 *fill*         0x0800d522        0x2 
 .text.USBD_FS_DeviceDescriptor
                0x0800d524       0x24 ./USB_DEVICE/App/usbd_desc.o
                0x0800d524                USBD_FS_DeviceDescriptor
 .text.USBD_FS_LangIDStrDescriptor
                0x0800d548       0x24 ./USB_DEVICE/App/usbd_desc.o
                0x0800d548                USBD_FS_LangIDStrDescriptor
 .text.USBD_FS_ProductStrDescriptor
                0x0800d56c       0x3c ./USB_DEVICE/App/usbd_desc.o
                0x0800d56c                USBD_FS_ProductStrDescriptor
 .text.USBD_FS_ManufacturerStrDescriptor
                0x0800d5a8       0x28 ./USB_DEVICE/App/usbd_desc.o
                0x0800d5a8                USBD_FS_ManufacturerStrDescriptor
 .text.USBD_FS_SerialStrDescriptor
                0x0800d5d0       0x24 ./USB_DEVICE/App/usbd_desc.o
                0x0800d5d0                USBD_FS_SerialStrDescriptor
 .text.USBD_FS_ConfigStrDescriptor
                0x0800d5f4       0x3c ./USB_DEVICE/App/usbd_desc.o
                0x0800d5f4                USBD_FS_ConfigStrDescriptor
 .text.USBD_FS_InterfaceStrDescriptor
                0x0800d630       0x3c ./USB_DEVICE/App/usbd_desc.o
                0x0800d630                USBD_FS_InterfaceStrDescriptor
 .text.Get_SerialNum
                0x0800d66c       0x58 ./USB_DEVICE/App/usbd_desc.o
 .text.IntToUnicode
                0x0800d6c4       0x7e ./USB_DEVICE/App/usbd_desc.o
 *fill*         0x0800d742        0x2 
 .text.HAL_PCD_MspInit
                0x0800d744       0xa8 ./USB_DEVICE/Target/usbd_conf.o
                0x0800d744                HAL_PCD_MspInit
 .text.HAL_PCD_SetupStageCallback
                0x0800d7ec       0x24 ./USB_DEVICE/Target/usbd_conf.o
                0x0800d7ec                HAL_PCD_SetupStageCallback
 .text.HAL_PCD_DataOutStageCallback
                0x0800d810       0x36 ./USB_DEVICE/Target/usbd_conf.o
                0x0800d810                HAL_PCD_DataOutStageCallback
 .text.HAL_PCD_DataInStageCallback
                0x0800d846       0x34 ./USB_DEVICE/Target/usbd_conf.o
                0x0800d846                HAL_PCD_DataInStageCallback
 .text.HAL_PCD_SOFCallback
                0x0800d87a       0x1c ./USB_DEVICE/Target/usbd_conf.o
                0x0800d87a                HAL_PCD_SOFCallback
 .text.HAL_PCD_ResetCallback
                0x0800d896       0x3c ./USB_DEVICE/Target/usbd_conf.o
                0x0800d896                HAL_PCD_ResetCallback
 *fill*         0x0800d8d2        0x2 
 .text.HAL_PCD_SuspendCallback
                0x0800d8d4       0x4c ./USB_DEVICE/Target/usbd_conf.o
                0x0800d8d4                HAL_PCD_SuspendCallback
 .text.HAL_PCD_ResumeCallback
                0x0800d920       0x1c ./USB_DEVICE/Target/usbd_conf.o
                0x0800d920                HAL_PCD_ResumeCallback
 .text.HAL_PCD_ISOOUTIncompleteCallback
                0x0800d93c       0x24 ./USB_DEVICE/Target/usbd_conf.o
                0x0800d93c                HAL_PCD_ISOOUTIncompleteCallback
 .text.HAL_PCD_ISOINIncompleteCallback
                0x0800d960       0x24 ./USB_DEVICE/Target/usbd_conf.o
                0x0800d960                HAL_PCD_ISOINIncompleteCallback
 .text.HAL_PCD_ConnectCallback
                0x0800d984       0x1c ./USB_DEVICE/Target/usbd_conf.o
                0x0800d984                HAL_PCD_ConnectCallback
 .text.HAL_PCD_DisconnectCallback
                0x0800d9a0       0x1c ./USB_DEVICE/Target/usbd_conf.o
                0x0800d9a0                HAL_PCD_DisconnectCallback
 .text.USBD_LL_Init
                0x0800d9bc       0x98 ./USB_DEVICE/Target/usbd_conf.o
                0x0800d9bc                USBD_LL_Init
 .text.USBD_LL_Start
                0x0800da54       0x36 ./USB_DEVICE/Target/usbd_conf.o
                0x0800da54                USBD_LL_Start
 .text.USBD_LL_OpenEP
                0x0800da8a       0x4c ./USB_DEVICE/Target/usbd_conf.o
                0x0800da8a                USBD_LL_OpenEP
 .text.USBD_LL_CloseEP
                0x0800dad6       0x3e ./USB_DEVICE/Target/usbd_conf.o
                0x0800dad6                USBD_LL_CloseEP
 .text.USBD_LL_StallEP
                0x0800db14       0x3e ./USB_DEVICE/Target/usbd_conf.o
                0x0800db14                USBD_LL_StallEP
 .text.USBD_LL_ClearStallEP
                0x0800db52       0x3e ./USB_DEVICE/Target/usbd_conf.o
                0x0800db52                USBD_LL_ClearStallEP
 .text.USBD_LL_IsStallEP
                0x0800db90       0x58 ./USB_DEVICE/Target/usbd_conf.o
                0x0800db90                USBD_LL_IsStallEP
 .text.USBD_LL_SetUSBAddress
                0x0800dbe8       0x3e ./USB_DEVICE/Target/usbd_conf.o
                0x0800dbe8                USBD_LL_SetUSBAddress
 .text.USBD_LL_Transmit
                0x0800dc26       0x42 ./USB_DEVICE/Target/usbd_conf.o
                0x0800dc26                USBD_LL_Transmit
 .text.USBD_LL_PrepareReceive
                0x0800dc68       0x42 ./USB_DEVICE/Target/usbd_conf.o
                0x0800dc68                USBD_LL_PrepareReceive
 .text.USBD_LL_GetRxDataSize
                0x0800dcaa       0x26 ./USB_DEVICE/Target/usbd_conf.o
                0x0800dcaa                USBD_LL_GetRxDataSize
 .text.USBD_static_malloc
                0x0800dcd0       0x1c ./USB_DEVICE/Target/usbd_conf.o
                0x0800dcd0                USBD_static_malloc
 .text.USBD_static_free
                0x0800dcec       0x14 ./USB_DEVICE/Target/usbd_conf.o
                0x0800dcec                USBD_static_free
 .text.USBD_Get_USB_Status
                0x0800dd00       0x58 ./USB_DEVICE/Target/usbd_conf.o
                0x0800dd00                USBD_Get_USB_Status
 .text.memset   0x0800dd58       0x10 /opt/st/stm32cubeide_1.16.1/plugins/com.st.stm32cube.ide.mcu.externaltools.gnu-tools-for-stm32.12.3.rel1.linux64_1.0.200.202406132123/tools/bin/../lib/gcc/arm-none-eabi/12.3.1/../../../../arm-none-eabi/lib/thumb/v7e-m+fp/hard/libc_nano.a(libc_a-memset.o)
                0x0800dd58                memset
 .text._reclaim_reent
                0x0800dd68       0xac /opt/st/stm32cubeide_1.16.1/plugins/com.st.stm32cube.ide.mcu.externaltools.gnu-tools-for-stm32.12.3.rel1.linux64_1.0.200.202406132123/tools/bin/../lib/gcc/arm-none-eabi/12.3.1/../../../../arm-none-eabi/lib/thumb/v7e-m+fp/hard/libc_nano.a(libc_a-reent.o)
                0x0800dd68                _reclaim_reent
 .text.__errno  0x0800de14        0xc /opt/st/stm32cubeide_1.16.1/plugins/com.st.stm32cube.ide.mcu.externaltools.gnu-tools-for-stm32.12.3.rel1.linux64_1.0.200.202406132123/tools/bin/../lib/gcc/arm-none-eabi/12.3.1/../../../../arm-none-eabi/lib/thumb/v7e-m+fp/hard/libc_nano.a(libc_a-errno.o)
                0x0800de14                __errno
 .text.__libc_init_array
                0x0800de20       0x48 /opt/st/stm32cubeide_1.16.1/plugins/com.st.stm32cube.ide.mcu.externaltools.gnu-tools-for-stm32.12.3.rel1.linux64_1.0.200.202406132123/tools/bin/../lib/gcc/arm-none-eabi/12.3.1/../../../../arm-none-eabi/lib/thumb/v7e-m+fp/hard/libc_nano.a(libc_a-init.o)
                0x0800de20                __libc_init_array
 .text.__retarget_lock_acquire_recursive
                0x0800de68        0x2 /opt/st/stm32cubeide_1.16.1/plugins/com.st.stm32cube.ide.mcu.externaltools.gnu-tools-for-stm32.12.3.rel1.linux64_1.0.200.202406132123/tools/bin/../lib/gcc/arm-none-eabi/12.3.1/../../../../arm-none-eabi/lib/thumb/v7e-m+fp/hard/libc_nano.a(libc_a-lock.o)
                0x0800de68                __retarget_lock_acquire_recursive
 .text.__retarget_lock_release_recursive
                0x0800de6a        0x2 /opt/st/stm32cubeide_1.16.1/plugins/com.st.stm32cube.ide.mcu.externaltools.gnu-tools-for-stm32.12.3.rel1.linux64_1.0.200.202406132123/tools/bin/../lib/gcc/arm-none-eabi/12.3.1/../../../../arm-none-eabi/lib/thumb/v7e-m+fp/hard/libc_nano.a(libc_a-lock.o)
                0x0800de6a                __retarget_lock_release_recursive
 .text.memcpy   0x0800de6c       0x1c /opt/st/stm32cubeide_1.16.1/plugins/com.st.stm32cube.ide.mcu.externaltools.gnu-tools-for-stm32.12.3.rel1.linux64_1.0.200.202406132123/tools/bin/../lib/gcc/arm-none-eabi/12.3.1/../../../../arm-none-eabi/lib/thumb/v7e-m+fp/hard/libc_nano.a(libc_a-memcpy-stub.o)
                0x0800de6c                memcpy
 .text._free_r  0x0800de88       0x94 /opt/st/stm32cubeide_1.16.1/plugins/com.st.stm32cube.ide.mcu.externaltools.gnu-tools-for-stm32.12.3.rel1.linux64_1.0.200.202406132123/tools/bin/../lib/gcc/arm-none-eabi/12.3.1/../../../../arm-none-eabi/lib/thumb/v7e-m+fp/hard/libc_nano.a(libc_a-freer.o)
                0x0800de88                _free_r
 .text.__malloc_lock
                0x0800df1c        0xc /opt/st/stm32cubeide_1.16.1/plugins/com.st.stm32cube.ide.mcu.externaltools.gnu-tools-for-stm32.12.3.rel1.linux64_1.0.200.202406132123/tools/bin/../lib/gcc/arm-none-eabi/12.3.1/../../../../arm-none-eabi/lib/thumb/v7e-m+fp/hard/libc_nano.a(libc_a-mlock.o)
                0x0800df1c                __malloc_lock
 .text.__malloc_unlock
                0x0800df28        0xc /opt/st/stm32cubeide_1.16.1/plugins/com.st.stm32cube.ide.mcu.externaltools.gnu-tools-for-stm32.12.3.rel1.linux64_1.0.200.202406132123/tools/bin/../lib/gcc/arm-none-eabi/12.3.1/../../../../arm-none-eabi/lib/thumb/v7e-m+fp/hard/libc_nano.a(libc_a-mlock.o)
                0x0800df28                __malloc_unlock
 .text.sqrt     0x0800df34       0x58 /opt/st/stm32cubeide_1.16.1/plugins/com.st.stm32cube.ide.mcu.externaltools.gnu-tools-for-stm32.12.3.rel1.linux64_1.0.200.202406132123/tools/bin/../lib/gcc/arm-none-eabi/12.3.1/../../../../arm-none-eabi/lib/thumb/v7e-m+fp/hard/libm.a(libm_a-w_sqrt.o)
                0x0800df34                sqrt
 *fill*         0x0800df8c        0x4 
 .text.atan     0x0800df90      0x330 /opt/st/stm32cubeide_1.16.1/plugins/com.st.stm32cube.ide.mcu.externaltools.gnu-tools-for-stm32.12.3.rel1.linux64_1.0.200.202406132123/tools/bin/../lib/gcc/arm-none-eabi/12.3.1/../../../../arm-none-eabi/lib/thumb/v7e-m+fp/hard/libm.a(libm_a-s_atan.o)
                0x0800df90                atan
 .text.fabs     0x0800e2c0       0x10 /opt/st/stm32cubeide_1.16.1/plugins/com.st.stm32cube.ide.mcu.externaltools.gnu-tools-for-stm32.12.3.rel1.linux64_1.0.200.202406132123/tools/bin/../lib/gcc/arm-none-eabi/12.3.1/../../../../arm-none-eabi/lib/thumb/v7e-m+fp/hard/libm.a(libm_a-s_fabs.o)
                0x0800e2c0                fabs
 .text.__ieee754_sqrt
                0x0800e2d0      0x1b4 /opt/st/stm32cubeide_1.16.1/plugins/com.st.stm32cube.ide.mcu.externaltools.gnu-tools-for-stm32.12.3.rel1.linux64_1.0.200.202406132123/tools/bin/../lib/gcc/arm-none-eabi/12.3.1/../../../../arm-none-eabi/lib/thumb/v7e-m+fp/hard/libm.a(libm_a-e_sqrt.o)
                0x0800e2d0                __ieee754_sqrt
 .text.roundf   0x0800e484       0x48 /opt/st/stm32cubeide_1.16.1/plugins/com.st.stm32cube.ide.mcu.externaltools.gnu-tools-for-stm32.12.3.rel1.linux64_1.0.200.202406132123/tools/bin/../lib/gcc/arm-none-eabi/12.3.1/../../../../arm-none-eabi/lib/thumb/v7e-m+fp/hard/libm.a(libm_a-sf_round.o)
                0x0800e484                roundf
 *(.glue_7)
 .glue_7        0x0800e4cc        0x0 linker stubs
 *(.glue_7t)
 .glue_7t       0x0800e4cc        0x0 linker stubs
 *(.eh_frame)
 .eh_frame      0x0800e4cc        0x0 /opt/st/stm32cubeide_1.16.1/plugins/com.st.stm32cube.ide.mcu.externaltools.gnu-tools-for-stm32.12.3.rel1.linux64_1.0.200.202406132123/tools/bin/../lib/gcc/arm-none-eabi/12.3.1/thumb/v7e-m+fp/hard/crtbegin.o
 *(.init)
 .init          0x0800e4cc        0x4 /opt/st/stm32cubeide_1.16.1/plugins/com.st.stm32cube.ide.mcu.externaltools.gnu-tools-for-stm32.12.3.rel1.linux64_1.0.200.202406132123/tools/bin/../lib/gcc/arm-none-eabi/12.3.1/thumb/v7e-m+fp/hard/crti.o
                0x0800e4cc                _init
 .init          0x0800e4d0        0x8 /opt/st/stm32cubeide_1.16.1/plugins/com.st.stm32cube.ide.mcu.externaltools.gnu-tools-for-stm32.12.3.rel1.linux64_1.0.200.202406132123/tools/bin/../lib/gcc/arm-none-eabi/12.3.1/thumb/v7e-m+fp/hard/crtn.o
 *(.fini)
 .fini          0x0800e4d8        0x4 /opt/st/stm32cubeide_1.16.1/plugins/com.st.stm32cube.ide.mcu.externaltools.gnu-tools-for-stm32.12.3.rel1.linux64_1.0.200.202406132123/tools/bin/../lib/gcc/arm-none-eabi/12.3.1/thumb/v7e-m+fp/hard/crti.o
                0x0800e4d8                _fini
 .fini          0x0800e4dc        0x8 /opt/st/stm32cubeide_1.16.1/plugins/com.st.stm32cube.ide.mcu.externaltools.gnu-tools-for-stm32.12.3.rel1.linux64_1.0.200.202406132123/tools/bin/../lib/gcc/arm-none-eabi/12.3.1/thumb/v7e-m+fp/hard/crtn.o
                0x0800e4e4                        . = ALIGN (0x4)
                0x0800e4e4                        _etext = .

.vfp11_veneer   0x0800e4e4        0x0
 .vfp11_veneer  0x0800e4e4        0x0 linker stubs

.v4_bx          0x0800e4e4        0x0
 .v4_bx         0x0800e4e4        0x0 linker stubs

.iplt           0x0800e4e4        0x0
 .iplt          0x0800e4e4        0x0 /opt/st/stm32cubeide_1.16.1/plugins/com.st.stm32cube.ide.mcu.externaltools.gnu-tools-for-stm32.12.3.rel1.linux64_1.0.200.202406132123/tools/bin/../lib/gcc/arm-none-eabi/12.3.1/thumb/v7e-m+fp/hard/crtbegin.o

.rodata         0x0800e4e8      0x128
                0x0800e4e8                        . = ALIGN (0x4)
 *(.rodata)
 .rodata        0x0800e4e8       0x17 ./Core/Src/main.o
 *fill*         0x0800e4ff        0x1 
 .rodata        0x0800e500        0x5 ./Middlewares/Third_Party/FreeRTOS/Source/tasks.o
 *fill*         0x0800e505        0x3 
 .rodata        0x0800e508        0xd ./Middlewares/Third_Party/FreeRTOS/Source/timers.o
 *fill*         0x0800e515        0x3 
 .rodata        0x0800e518       0x46 ./USB_DEVICE/App/usbd_desc.o
 *(.rodata*)
 *fill*         0x0800e55e        0x2 
 .rodata.accel_offset
                0x0800e560        0xc ./Core/Src/i2c_dev.o
 .rodata.machTask_attributes
                0x0800e56c       0x24 ./Core/Src/main.o
                0x0800e56c                machTask_attributes
 .rodata.serialTask_attributes
                0x0800e590       0x24 ./Core/Src/main.o
                0x0800e590                serialTask_attributes
 .rodata.AHBPrescTable
                0x0800e5b4       0x10 ./Core/Src/system_stm32f4xx.o
                0x0800e5b4                AHBPrescTable
 .rodata.APBPrescTable
                0x0800e5c4        0x8 ./Core/Src/system_stm32f4xx.o
                0x0800e5c4                APBPrescTable
 *fill*         0x0800e5cc        0x4 
 .rodata.atanlo
                0x0800e5d0       0x20 /opt/st/stm32cubeide_1.16.1/plugins/com.st.stm32cube.ide.mcu.externaltools.gnu-tools-for-stm32.12.3.rel1.linux64_1.0.200.202406132123/tools/bin/../lib/gcc/arm-none-eabi/12.3.1/../../../../arm-none-eabi/lib/thumb/v7e-m+fp/hard/libm.a(libm_a-s_atan.o)
 .rodata.atanhi
                0x0800e5f0       0x20 /opt/st/stm32cubeide_1.16.1/plugins/com.st.stm32cube.ide.mcu.externaltools.gnu-tools-for-stm32.12.3.rel1.linux64_1.0.200.202406132123/tools/bin/../lib/gcc/arm-none-eabi/12.3.1/../../../../arm-none-eabi/lib/thumb/v7e-m+fp/hard/libm.a(libm_a-s_atan.o)
                0x0800e610                        . = ALIGN (0x4)

.ARM.extab      0x0800e610        0x0
                0x0800e610                        . = ALIGN (0x4)
 *(.ARM.extab* .gnu.linkonce.armextab.*)
                0x0800e610                        . = ALIGN (0x4)

.ARM            0x0800e610        0x8
                0x0800e610                        . = ALIGN (0x4)
                0x0800e610                        __exidx_start = .
 *(.ARM.exidx*)
 .ARM.exidx     0x0800e610        0x8 /opt/st/stm32cubeide_1.16.1/plugins/com.st.stm32cube.ide.mcu.externaltools.gnu-tools-for-stm32.12.3.rel1.linux64_1.0.200.202406132123/tools/bin/../lib/gcc/arm-none-eabi/12.3.1/thumb/v7e-m+fp/hard/libgcc.a(_udivmoddi4.o)
                0x0800e618                        __exidx_end = .
                0x0800e618                        . = ALIGN (0x4)

.preinit_array  0x0800e618        0x0
                0x0800e618                        . = ALIGN (0x4)
                0x0800e618                        PROVIDE (__preinit_array_start = .)
 *(.preinit_array*)
                0x0800e618                        PROVIDE (__preinit_array_end = .)
                0x0800e618                        . = ALIGN (0x4)

.init_array     0x0800e618        0x4
                0x0800e618                        . = ALIGN (0x4)
                0x0800e618                        PROVIDE (__init_array_start = .)
 *(SORT_BY_NAME(.init_array.*))
 *(.init_array*)
 .init_array    0x0800e618        0x4 /opt/st/stm32cubeide_1.16.1/plugins/com.st.stm32cube.ide.mcu.externaltools.gnu-tools-for-stm32.12.3.rel1.linux64_1.0.200.202406132123/tools/bin/../lib/gcc/arm-none-eabi/12.3.1/thumb/v7e-m+fp/hard/crtbegin.o
                0x0800e61c                        PROVIDE (__init_array_end = .)
                0x0800e61c                        . = ALIGN (0x4)

.fini_array     0x0800e61c        0x4
                0x0800e61c                        . = ALIGN (0x4)
                [!provide]                        PROVIDE (__fini_array_start = .)
 *(SORT_BY_NAME(.fini_array.*))
 *(.fini_array*)
 .fini_array    0x0800e61c        0x4 /opt/st/stm32cubeide_1.16.1/plugins/com.st.stm32cube.ide.mcu.externaltools.gnu-tools-for-stm32.12.3.rel1.linux64_1.0.200.202406132123/tools/bin/../lib/gcc/arm-none-eabi/12.3.1/thumb/v7e-m+fp/hard/crtbegin.o
                [!provide]                        PROVIDE (__fini_array_end = .)
                0x0800e620                        . = ALIGN (0x4)
                0x0800e620                        _sidata = LOADADDR (.data)

.rel.dyn        0x0800e620        0x0
 .rel.iplt      0x0800e620        0x0 /opt/st/stm32cubeide_1.16.1/plugins/com.st.stm32cube.ide.mcu.externaltools.gnu-tools-for-stm32.12.3.rel1.linux64_1.0.200.202406132123/tools/bin/../lib/gcc/arm-none-eabi/12.3.1/thumb/v7e-m+fp/hard/crtbegin.o

.data           0x20000000      0x180 load address 0x0800e620
                0x20000000                        . = ALIGN (0x4)
                0x20000000                        _sdata = .
 *(.data)
 *(.data*)
 .data.uncert   0x20000000        0x8 ./Core/Src/i2c_dev.o
                0x20000000                uncert
 .data.motors   0x20000008        0xa ./Core/Src/main.o
                0x20000008                motors
 *fill*         0x20000012        0x2 
 .data.P_rate_xy
                0x20000014        0x4 ./Core/Src/mech.o
                0x20000014                P_rate_xy
 .data.I_rate_xy
                0x20000018        0x4 ./Core/Src/mech.o
                0x20000018                I_rate_xy
 .data.D_rate_xy
                0x2000001c        0x4 ./Core/Src/mech.o
                0x2000001c                D_rate_xy
 .data.SystemCoreClock
                0x20000020        0x4 ./Core/Src/system_stm32f4xx.o
                0x20000020                SystemCoreClock
 .data.uwTickPrio
                0x20000024        0x4 ./Drivers/STM32F4xx_HAL_Driver/Src/stm32f4xx_hal.o
                0x20000024                uwTickPrio
 .data.uwTickFreq
                0x20000028        0x1 ./Drivers/STM32F4xx_HAL_Driver/Src/stm32f4xx_hal.o
                0x20000028                uwTickFreq
 *fill*         0x20000029        0x3 
 .data.USBD_CDC_DeviceQualifierDesc
                0x2000002c        0xa ./Middlewares/ST/STM32_USB_Device_Library/Class/CDC/Src/usbd_cdc.o
 *fill*         0x20000036        0x2 
 .data.USBD_CDC
                0x20000038       0x38 ./Middlewares/ST/STM32_USB_Device_Library/Class/CDC/Src/usbd_cdc.o
                0x20000038                USBD_CDC
 .data.USBD_CDC_CfgDesc
                0x20000070       0x43 ./Middlewares/ST/STM32_USB_Device_Library/Class/CDC/Src/usbd_cdc.o
 .data.CDCInEpAdd
                0x200000b3        0x1 ./Middlewares/ST/STM32_USB_Device_Library/Class/CDC/Src/usbd_cdc.o
 .data.CDCOutEpAdd
                0x200000b4        0x1 ./Middlewares/ST/STM32_USB_Device_Library/Class/CDC/Src/usbd_cdc.o
 .data.CDCCmdEpAdd
                0x200000b5        0x1 ./Middlewares/ST/STM32_USB_Device_Library/Class/CDC/Src/usbd_cdc.o
 *fill*         0x200000b6        0x2 
 .data.uxCriticalNesting
                0x200000b8        0x4 ./Middlewares/Third_Party/FreeRTOS/Source/portable/GCC/ARM_CM4F/port.o
 .data.USBD_Interface_fops_FS
                0x200000bc       0x14 ./USB_DEVICE/App/usbd_cdc_if.o
                0x200000bc                USBD_Interface_fops_FS
 .data.FS_Desc  0x200000d0       0x1c ./USB_DEVICE/App/usbd_desc.o
                0x200000d0                FS_Desc
 .data.USBD_FS_DeviceDesc
                0x200000ec       0x12 ./USB_DEVICE/App/usbd_desc.o
                0x200000ec                USBD_FS_DeviceDesc
 *fill*         0x200000fe        0x2 
 .data.USBD_LangIDDesc
                0x20000100        0x4 ./USB_DEVICE/App/usbd_desc.o
                0x20000100                USBD_LangIDDesc
 .data.USBD_StringSerial
                0x20000104       0x1a ./USB_DEVICE/App/usbd_desc.o
                0x20000104                USBD_StringSerial
 *fill*         0x2000011e        0x2 
 .data._impure_ptr
                0x20000120        0x4 /opt/st/stm32cubeide_1.16.1/plugins/com.st.stm32cube.ide.mcu.externaltools.gnu-tools-for-stm32.12.3.rel1.linux64_1.0.200.202406132123/tools/bin/../lib/gcc/arm-none-eabi/12.3.1/../../../../arm-none-eabi/lib/thumb/v7e-m+fp/hard/libc_nano.a(libc_a-impure.o)
                0x20000120                _impure_ptr
 .data._impure_data
                0x20000124       0x4c /opt/st/stm32cubeide_1.16.1/plugins/com.st.stm32cube.ide.mcu.externaltools.gnu-tools-for-stm32.12.3.rel1.linux64_1.0.200.202406132123/tools/bin/../lib/gcc/arm-none-eabi/12.3.1/../../../../arm-none-eabi/lib/thumb/v7e-m+fp/hard/libc_nano.a(libc_a-impure.o)
                0x20000124                _impure_data
 .data.tiny     0x20000170        0x8 /opt/st/stm32cubeide_1.16.1/plugins/com.st.stm32cube.ide.mcu.externaltools.gnu-tools-for-stm32.12.3.rel1.linux64_1.0.200.202406132123/tools/bin/../lib/gcc/arm-none-eabi/12.3.1/../../../../arm-none-eabi/lib/thumb/v7e-m+fp/hard/libm.a(libm_a-e_sqrt.o)
 .data.one      0x20000178        0x8 /opt/st/stm32cubeide_1.16.1/plugins/com.st.stm32cube.ide.mcu.externaltools.gnu-tools-for-stm32.12.3.rel1.linux64_1.0.200.202406132123/tools/bin/../lib/gcc/arm-none-eabi/12.3.1/../../../../arm-none-eabi/lib/thumb/v7e-m+fp/hard/libm.a(libm_a-e_sqrt.o)
 *(.RamFunc)
 *(.RamFunc*)
                0x20000180                        . = ALIGN (0x4)
                0x20000180                        _edata = .

.igot.plt       0x20000180        0x0 load address 0x0800e7a0
 .igot.plt      0x20000180        0x0 /opt/st/stm32cubeide_1.16.1/plugins/com.st.stm32cube.ide.mcu.externaltools.gnu-tools-for-stm32.12.3.rel1.linux64_1.0.200.202406132123/tools/bin/../lib/gcc/arm-none-eabi/12.3.1/thumb/v7e-m+fp/hard/crtbegin.o
                0x20000180                        . = ALIGN (0x4)

.bss            0x20000180     0x60e8 load address 0x0800e7a0
                0x20000180                        _sbss = .
                0x20000180                        __bss_start__ = _sbss
 *(.bss)
 .bss           0x20000180       0x1c /opt/st/stm32cubeide_1.16.1/plugins/com.st.stm32cube.ide.mcu.externaltools.gnu-tools-for-stm32.12.3.rel1.linux64_1.0.200.202406132123/tools/bin/../lib/gcc/arm-none-eabi/12.3.1/thumb/v7e-m+fp/hard/crtbegin.o
 *(.bss*)
 .bss.local_hi2c
                0x2000019c        0x4 ./Core/Src/i2c_dev.o
                0x2000019c                local_hi2c
 .bss.gyro_offset
                0x200001a0        0xc ./Core/Src/i2c_dev.o
                0x200001a0                gyro_offset
 .bss.bmp180_epp
                0x200001ac       0x16 ./Core/Src/i2c_dev.o
                0x200001ac                bmp180_epp
 .bss.oss       0x200001c2        0x1 ./Core/Src/i2c_dev.o
                0x200001c2                oss
 *fill*         0x200001c3        0x1 
 .bss.hadc1     0x200001c4       0x48 ./Core/Src/main.o
                0x200001c4                hadc1
 .bss.hi2c1     0x2000020c       0x54 ./Core/Src/main.o
                0x2000020c                hi2c1
 .bss.htim2     0x20000260       0x48 ./Core/Src/main.o
                0x20000260                htim2
 .bss.htim3     0x200002a8       0x48 ./Core/Src/main.o
                0x200002a8                htim3
 .bss.machTaskHandle
                0x200002f0        0x4 ./Core/Src/main.o
                0x200002f0                machTaskHandle
 .bss.serialTaskHandle
                0x200002f4        0x4 ./Core/Src/main.o
                0x200002f4                serialTaskHandle
 .bss.angles_kal
                0x200002f8        0xc ./Core/Src/main.o
                0x200002f8                angles_kal
 .bss.angles_des
                0x20000304        0xc ./Core/Src/main.o
                0x20000304                angles_des
 .bss.htim1     0x20000310       0x48 ./Core/Src/stm32f4xx_hal_timebase_tim.o
                0x20000310                htim1
 .bss.uwTick    0x20000358        0x4 ./Drivers/STM32F4xx_HAL_Driver/Src/stm32f4xx_hal.o
                0x20000358                uwTick
 .bss.cfgidx.0  0x2000035c        0x1 ./Middlewares/ST/STM32_USB_Device_Library/Core/Src/usbd_ctlreq.o
 *fill*         0x2000035d        0x3 
 .bss.KernelState
                0x20000360        0x4 ./Middlewares/Third_Party/FreeRTOS/Source/CMSIS_RTOS_V2/cmsis_os2.o
 .bss.Idle_TCB.3
                0x20000364       0xa8 ./Middlewares/Third_Party/FreeRTOS/Source/CMSIS_RTOS_V2/cmsis_os2.o
 .bss.Idle_Stack.2
                0x2000040c      0x200 ./Middlewares/Third_Party/FreeRTOS/Source/CMSIS_RTOS_V2/cmsis_os2.o
 .bss.Timer_TCB.1
                0x2000060c       0xa8 ./Middlewares/Third_Party/FreeRTOS/Source/CMSIS_RTOS_V2/cmsis_os2.o
 .bss.Timer_Stack.0
                0x200006b4      0x400 ./Middlewares/Third_Party/FreeRTOS/Source/CMSIS_RTOS_V2/cmsis_os2.o
 .bss.xQueueRegistry
                0x20000ab4       0x40 ./Middlewares/Third_Party/FreeRTOS/Source/queue.o
                0x20000ab4                xQueueRegistry
 .bss.pxCurrentTCB
                0x20000af4        0x4 ./Middlewares/Third_Party/FreeRTOS/Source/tasks.o
                0x20000af4                pxCurrentTCB
 .bss.pxReadyTasksLists
                0x20000af8      0x460 ./Middlewares/Third_Party/FreeRTOS/Source/tasks.o
 .bss.xDelayedTaskList1
                0x20000f58       0x14 ./Middlewares/Third_Party/FreeRTOS/Source/tasks.o
 .bss.xDelayedTaskList2
                0x20000f6c       0x14 ./Middlewares/Third_Party/FreeRTOS/Source/tasks.o
 .bss.pxDelayedTaskList
                0x20000f80        0x4 ./Middlewares/Third_Party/FreeRTOS/Source/tasks.o
 .bss.pxOverflowDelayedTaskList
                0x20000f84        0x4 ./Middlewares/Third_Party/FreeRTOS/Source/tasks.o
 .bss.xPendingReadyList
                0x20000f88       0x14 ./Middlewares/Third_Party/FreeRTOS/Source/tasks.o
 .bss.xTasksWaitingTermination
                0x20000f9c       0x14 ./Middlewares/Third_Party/FreeRTOS/Source/tasks.o
 .bss.uxDeletedTasksWaitingCleanUp
                0x20000fb0        0x4 ./Middlewares/Third_Party/FreeRTOS/Source/tasks.o
 .bss.xSuspendedTaskList
                0x20000fb4       0x14 ./Middlewares/Third_Party/FreeRTOS/Source/tasks.o
 .bss.uxCurrentNumberOfTasks
                0x20000fc8        0x4 ./Middlewares/Third_Party/FreeRTOS/Source/tasks.o
 .bss.xTickCount
                0x20000fcc        0x4 ./Middlewares/Third_Party/FreeRTOS/Source/tasks.o
 .bss.uxTopReadyPriority
                0x20000fd0        0x4 ./Middlewares/Third_Party/FreeRTOS/Source/tasks.o
 .bss.xSchedulerRunning
                0x20000fd4        0x4 ./Middlewares/Third_Party/FreeRTOS/Source/tasks.o
 .bss.xPendedTicks
                0x20000fd8        0x4 ./Middlewares/Third_Party/FreeRTOS/Source/tasks.o
 .bss.xYieldPending
                0x20000fdc        0x4 ./Middlewares/Third_Party/FreeRTOS/Source/tasks.o
 .bss.xNumOfOverflows
                0x20000fe0        0x4 ./Middlewares/Third_Party/FreeRTOS/Source/tasks.o
 .bss.uxTaskNumber
                0x20000fe4        0x4 ./Middlewares/Third_Party/FreeRTOS/Source/tasks.o
 .bss.xNextTaskUnblockTime
                0x20000fe8        0x4 ./Middlewares/Third_Party/FreeRTOS/Source/tasks.o
 .bss.xIdleTaskHandle
                0x20000fec        0x4 ./Middlewares/Third_Party/FreeRTOS/Source/tasks.o
 .bss.uxSchedulerSuspended
                0x20000ff0        0x4 ./Middlewares/Third_Party/FreeRTOS/Source/tasks.o
 .bss.xActiveTimerList1
                0x20000ff4       0x14 ./Middlewares/Third_Party/FreeRTOS/Source/timers.o
 .bss.xActiveTimerList2
                0x20001008       0x14 ./Middlewares/Third_Party/FreeRTOS/Source/timers.o
 .bss.pxCurrentTimerList
                0x2000101c        0x4 ./Middlewares/Third_Party/FreeRTOS/Source/timers.o
 .bss.pxOverflowTimerList
                0x20001020        0x4 ./Middlewares/Third_Party/FreeRTOS/Source/timers.o
 .bss.xTimerQueue
                0x20001024        0x4 ./Middlewares/Third_Party/FreeRTOS/Source/timers.o
 .bss.xTimerTaskHandle
                0x20001028        0x4 ./Middlewares/Third_Party/FreeRTOS/Source/timers.o
 .bss.xLastTime.2
                0x2000102c        0x4 ./Middlewares/Third_Party/FreeRTOS/Source/timers.o
 .bss.ucStaticTimerQueueStorage.1
                0x20001030       0xa0 ./Middlewares/Third_Party/FreeRTOS/Source/timers.o
 .bss.xStaticTimerQueue.0
                0x200010d0       0x50 ./Middlewares/Third_Party/FreeRTOS/Source/timers.o
 .bss.ucMaxSysCallPriority
                0x20001120        0x1 ./Middlewares/Third_Party/FreeRTOS/Source/portable/GCC/ARM_CM4F/port.o
 *fill*         0x20001121        0x3 
 .bss.ulMaxPRIGROUPValue
                0x20001124        0x4 ./Middlewares/Third_Party/FreeRTOS/Source/portable/GCC/ARM_CM4F/port.o
 .bss.ucHeap    0x20001128     0x3c00 ./Middlewares/Third_Party/FreeRTOS/Source/portable/MemMang/heap_4.o
 .bss.xStart    0x20004d28        0x8 ./Middlewares/Third_Party/FreeRTOS/Source/portable/MemMang/heap_4.o
 .bss.pxEnd     0x20004d30        0x4 ./Middlewares/Third_Party/FreeRTOS/Source/portable/MemMang/heap_4.o
 .bss.xFreeBytesRemaining
                0x20004d34        0x4 ./Middlewares/Third_Party/FreeRTOS/Source/portable/MemMang/heap_4.o
 .bss.xMinimumEverFreeBytesRemaining
                0x20004d38        0x4 ./Middlewares/Third_Party/FreeRTOS/Source/portable/MemMang/heap_4.o
 .bss.xNumberOfSuccessfulAllocations
                0x20004d3c        0x4 ./Middlewares/Third_Party/FreeRTOS/Source/portable/MemMang/heap_4.o
 .bss.xNumberOfSuccessfulFrees
                0x20004d40        0x4 ./Middlewares/Third_Party/FreeRTOS/Source/portable/MemMang/heap_4.o
 .bss.xBlockAllocatedBit
                0x20004d44        0x4 ./Middlewares/Third_Party/FreeRTOS/Source/portable/MemMang/heap_4.o
 .bss.hUsbDeviceFS
                0x20004d48      0x2dc ./USB_DEVICE/App/usb_device.o
                0x20004d48                hUsbDeviceFS
 .bss.UserRxBufferFS
                0x20005024      0x400 ./USB_DEVICE/App/usbd_cdc_if.o
                0x20005024                UserRxBufferFS
 .bss.UserTxBufferFS
                0x20005424      0x400 ./USB_DEVICE/App/usbd_cdc_if.o
                0x20005424                UserTxBufferFS
 .bss.USBD_StrDesc
                0x20005824      0x200 ./USB_DEVICE/App/usbd_desc.o
                0x20005824                USBD_StrDesc
 .bss.hpcd_USB_OTG_FS
                0x20005a24      0x4e4 ./USB_DEVICE/Target/usbd_conf.o
                0x20005a24                hpcd_USB_OTG_FS
 .bss.mem.0     0x20005f08      0x220 ./USB_DEVICE/Target/usbd_conf.o
 .bss.__sf      0x20006128      0x138 /opt/st/stm32cubeide_1.16.1/plugins/com.st.stm32cube.ide.mcu.externaltools.gnu-tools-for-stm32.12.3.rel1.linux64_1.0.200.202406132123/tools/bin/../lib/gcc/arm-none-eabi/12.3.1/../../../../arm-none-eabi/lib/thumb/v7e-m+fp/hard/libc_nano.a(libc_a-findfp.o)
                0x20006128                __sf
 .bss.__lock___malloc_recursive_mutex
                0x20006260        0x1 /opt/st/stm32cubeide_1.16.1/plugins/com.st.stm32cube.ide.mcu.externaltools.gnu-tools-for-stm32.12.3.rel1.linux64_1.0.200.202406132123/tools/bin/../lib/gcc/arm-none-eabi/12.3.1/../../../../arm-none-eabi/lib/thumb/v7e-m+fp/hard/libc_nano.a(libc_a-lock.o)
                0x20006260                __lock___malloc_recursive_mutex
 *fill*         0x20006261        0x3 
 .bss.__malloc_free_list
                0x20006264        0x4 /opt/st/stm32cubeide_1.16.1/plugins/com.st.stm32cube.ide.mcu.externaltools.gnu-tools-for-stm32.12.3.rel1.linux64_1.0.200.202406132123/tools/bin/../lib/gcc/arm-none-eabi/12.3.1/../../../../arm-none-eabi/lib/thumb/v7e-m+fp/hard/libc_nano.a(libc_a-mallocr.o)