../Core/Src/main.c:108:5:main	8	static
../Core/Src/main.c:195:6:SystemClock_Config	88	static
../Core/Src/main.c:241:13:MX_ADC1_Init	24	static
../Core/Src/main.c:293:13:MX_I2C1_Init	8	static
../Core/Src/main.c:327:13:MX_TIM2_Init	48	static
../Core/Src/main.c:388:13:MX_TIM3_Init	48	static
../Core/Src/main.c:449:13:MX_GPIO_Init	48	static
../Core/Src/main.c:486:6:StartMechTask	40	static
../Core/Src/main.c:508:6:StartSerialTask	56	static
../Core/Src/main.c:574:6:HAL_TIM_PeriodElapsedCallback	16	static
../Core/Src/main.c:591:6:Error_Handler	4	static,ignoring_inline_asm
